Component: Arm Compiler for Embedded 6.22 Tool: armlink [5ee90200]

==============================================================================

Section Cross References

    main.o(.text.main) refers to systick_delay.o(.text.SysTick_Delay_Init) for SysTick_Delay_Init
    main.o(.text.main) refers to edubase_lcd.o(.text.EduBase_LCD_Init) for EduBase_LCD_Init
    main.o(.text.main) refers to main.o(.data.heart_shape) for heart_shape
    main.o(.text.main) refers to edubase_lcd.o(.text.EduBase_LCD_Create_Custom_Character) for EduBase_LCD_Create_Custom_Character
    main.o(.text.main) refers to main.o(.data.right_arrow) for right_arrow
    main.o(.text.main) refers to gpio.o(.text.EduBase_LEDs_Init) for EduBase_LEDs_Init
    main.o(.text.main) refers to pmod_enc.o(.text.PMOD_ENC_Init) for PMOD_ENC_Init
    main.o(.text.main) refers to main.o(.text.PMOD_ENC_Task) for PMOD_ENC_Task
    main.o(.text.main) refers to timer_0a_interrupt.o(.text.Timer_0A_Interrupt_Init) for Timer_0A_Interrupt_Init
    main.o(.text.main) refers to pmod_enc.o(.text.PMOD_ENC_Get_State) for PMOD_ENC_Get_State
    main.o(.text.main) refers to main.o(.bss.last_state) for last_state
    main.o(.text.main) refers to main.o(.data.prev_main_menu_counter) for prev_main_menu_counter
    main.o(.text.main) refers to main.o(.bss.main_menu_counter) for main_menu_counter
    main.o(.text.main) refers to edubase_lcd.o(.text.EduBase_LCD_Clear_Display) for EduBase_LCD_Clear_Display
    main.o(.text.main) refers to main.o(.text.Display_Main_Menu) for Display_Main_Menu
    main.o(.text.main) refers to main.o(.text.Process_Main_Menu_Selection) for Process_Main_Menu_Selection
    main.o(.text.main) refers to systick_delay.o(.text.SysTick_Delay1ms) for SysTick_Delay1ms
    main.o(.ARM.exidx.text.main) refers to main.o(.text.main) for [Anonymous Symbol]
    main.o(.text.PMOD_ENC_Task) refers to pmod_enc.o(.text.PMOD_ENC_Get_State) for PMOD_ENC_Get_State
    main.o(.text.PMOD_ENC_Task) refers to main.o(.bss.state) for state
    main.o(.text.PMOD_ENC_Task) refers to pmod_enc.o(.text.PMOD_ENC_Button_Read) for PMOD_ENC_Button_Read
    main.o(.text.PMOD_ENC_Task) refers to main.o(.bss.last_state) for last_state
    main.o(.text.PMOD_ENC_Task) refers to main.o(.bss.pmod_enc_btn_pressed) for pmod_enc_btn_pressed
    main.o(.text.PMOD_ENC_Task) refers to main.o(.bss.main_menu_counter) for main_menu_counter
    main.o(.text.PMOD_ENC_Task) refers to pmod_enc.o(.text.PMOD_ENC_Get_Rotation) for PMOD_ENC_Get_Rotation
    main.o(.ARM.exidx.text.PMOD_ENC_Task) refers to main.o(.text.PMOD_ENC_Task) for [Anonymous Symbol]
    main.o(.text.Display_Main_Menu) refers to edubase_lcd.o(.text.EduBase_LCD_Set_Cursor) for EduBase_LCD_Set_Cursor
    main.o(.text.Display_Main_Menu) refers to main.o(.rodata.str1.1) for .L.str
    main.o(.text.Display_Main_Menu) refers to edubase_lcd.o(.text.EduBase_LCD_Display_String) for EduBase_LCD_Display_String
    main.o(.ARM.exidx.text.Display_Main_Menu) refers to main.o(.text.Display_Main_Menu) for [Anonymous Symbol]
    main.o(.text.Process_Main_Menu_Selection) refers to main.o(.bss.pmod_enc_btn_pressed) for pmod_enc_btn_pressed
    main.o(.text.Process_Main_Menu_Selection) refers to main.o(.data.prev_main_menu_counter) for prev_main_menu_counter
    main.o(.text.Process_Main_Menu_Selection) refers to main.o(.bss.main_menu_counter) for main_menu_counter
    main.o(.text.Process_Main_Menu_Selection) refers to gpio.o(.rodata.EDUBASE_LED_ALL_OFF) for EDUBASE_LED_ALL_OFF
    main.o(.text.Process_Main_Menu_Selection) refers to gpio.o(.text.EduBase_LEDs_Output) for EduBase_LEDs_Output
    main.o(.text.Process_Main_Menu_Selection) refers to gpio.o(.rodata.EDUBASE_LED_ALL_ON) for EDUBASE_LED_ALL_ON
    main.o(.text.Process_Main_Menu_Selection) refers to systick_delay.o(.text.SysTick_Delay1ms) for SysTick_Delay1ms
    main.o(.text.Process_Main_Menu_Selection) refers to edubase_lcd.o(.text.EduBase_LCD_Enable_Display) for EduBase_LCD_Enable_Display
    main.o(.text.Process_Main_Menu_Selection) refers to edubase_lcd.o(.text.EduBase_LCD_Clear_Display) for EduBase_LCD_Clear_Display
    main.o(.text.Process_Main_Menu_Selection) refers to edubase_lcd.o(.text.EduBase_LCD_Set_Cursor) for EduBase_LCD_Set_Cursor
    main.o(.text.Process_Main_Menu_Selection) refers to edubase_lcd.o(.text.EduBase_LCD_Send_Data) for EduBase_LCD_Send_Data
    main.o(.text.Process_Main_Menu_Selection) refers to main.o(.rodata.str1.1) for .L.str.5
    main.o(.text.Process_Main_Menu_Selection) refers to edubase_lcd.o(.text.EduBase_LCD_Display_String) for EduBase_LCD_Display_String
    main.o(.ARM.exidx.text.Process_Main_Menu_Selection) refers to main.o(.text.Process_Main_Menu_Selection) for [Anonymous Symbol]
    gpio.o(.ARM.exidx.text.RGB_LED_Init) refers to gpio.o(.text.RGB_LED_Init) for [Anonymous Symbol]
    gpio.o(.ARM.exidx.text.RGB_LED_Output) refers to gpio.o(.text.RGB_LED_Output) for [Anonymous Symbol]
[...]
    libinit.o(.ARM.Collect$$libinit$$00000000) refers (Special) to libinit2.o(.ARM.Collect$$libinit$$0000001F) for __rt_lib_init_signal_1
    libinit.o(.ARM.Collect$$libinit$$00000000) refers (Special) to libinit2.o(.ARM.Collect$$libinit$$00000027) for __rt_lib_init_stdio_1
    libinit.o(.ARM.Collect$$libinit$$00000000) refers (Special) to libinit2.o(.ARM.Collect$$libinit$$0000000E) for __rt_lib_init_user_alloc_1
    istatus.o(x$fpl$ieeestatus) refers (Special) to usenofp.o(x$fpl$usenofp) for __I$use$fp
    fpclassify.o(i.__ARM_fpclassify) refers (Special) to usenofp.o(x$fpl$usenofp) for __I$use$fp
    libspace.o(.text) refers to libspace.o(.bss) for __libspace_start
    rtexit.o(.ARM.Collect$$rtexit$$00000000) refers (Special) to rtexit2.o(.ARM.Collect$$rtexit$$00000004) for __rt_exit_exit
    rtexit.o(.ARM.Collect$$rtexit$$00000000) refers (Special) to rtexit2.o(.ARM.Collect$$rtexit$$00000003) for __rt_exit_ls
    rtexit.o(.ARM.Collect$$rtexit$$00000000) refers (Special) to rtexit2.o(.ARM.Collect$$rtexit$$00000002) for __rt_exit_prels_1
    rtexit.o(.ARM.exidx) refers (Special) to rtexit2.o(.ARM.Collect$$rtexit$$00000004) for __rt_exit_exit
    rtexit.o(.ARM.exidx) refers (Special) to rtexit2.o(.ARM.Collect$$rtexit$$00000003) for __rt_exit_ls
    rtexit.o(.ARM.exidx) refers (Special) to rtexit2.o(.ARM.Collect$$rtexit$$00000002) for __rt_exit_prels_1
    rtexit.o(.ARM.exidx) refers to rtexit.o(.ARM.Collect$$rtexit$$00000000) for .ARM.Collect$$rtexit$$00000000
    btod_accurate_common.o(.text) refers to llushr.o(.text) for __aeabi_llsr
    lc_ctype_c.o(locale$$data) refers (Special) to libinit2.o(.ARM.Collect$$libinit$$00000014) for __rt_lib_init_lc_ctype_2
    lc_ctype_c.o(locale$$code) refers (Special) to libinit2.o(.ARM.Collect$$libinit$$00000014) for __rt_lib_init_lc_ctype_2
    lc_ctype_c.o(locale$$code) refers to strcmpv7em.o(.text) for strcmp
    lc_ctype_c.o(locale$$code) refers to lc_ctype_c.o(locale$$data) for __lcctype_c_name
    libinit2.o(.ARM.Collect$$libinit$$00000001) refers to fpinit.o(x$fpl$fpinit) for _fp_init
    libinit2.o(.ARM.Collect$$libinit$$00000011) refers (Weak) to rt_locale_intlibspace.o(.text) for __rt_locale
    libinit2.o(.ARM.Collect$$libinit$$00000012) refers to libinit2.o(.ARM.Collect$$libinit$$00000011) for .ARM.Collect$$libinit$$00000011
    libinit2.o(.ARM.Collect$$libinit$$00000014) refers to libinit2.o(.ARM.Collect$$libinit$$00000011) for .ARM.Collect$$libinit$$00000011
    libinit2.o(.ARM.Collect$$libinit$$00000014) refers (Weak) to lc_ctype_c.o(locale$$code) for _get_lc_ctype
    libinit2.o(.ARM.Collect$$libinit$$00000016) refers to libinit2.o(.ARM.Collect$$libinit$$00000011) for .ARM.Collect$$libinit$$00000011
    libinit2.o(.ARM.Collect$$libinit$$00000018) refers to libinit2.o(.ARM.Collect$$libinit$$00000011) for .ARM.Collect$$libinit$$00000011
    libinit2.o(.ARM.Collect$$libinit$$00000018) refers (Weak) to lc_numeric_c.o(locale$$code) for _get_lc_numeric
    libinit2.o(.ARM.Collect$$libinit$$0000001A) refers to libinit2.o(.ARM.Collect$$libinit$$00000011) for .ARM.Collect$$libinit$$00000011
    libinit2.o(.ARM.Collect$$libinit$$00000028) refers to argv_veneer.o(.emb_text) for __ARM_argv_veneer
    libinit2.o(.ARM.Collect$$libinit$$00000029) refers to argv_veneer.o(.emb_text) for __ARM_argv_veneer
    rtexit2.o(.ARM.Collect$$rtexit$$00000003) refers to libshutdown.o(.ARM.Collect$$libshutdown$$00000000) for __rt_lib_shutdown
    rtexit2.o(.ARM.Collect$$rtexit$$00000004) refers to sys_exit.o(.text) for _sys_exit
    rtexit2.o(.ARM.exidx) refers to rtexit2.o(.ARM.Collect$$rtexit$$00000001) for .ARM.Collect$$rtexit$$00000001
    rtexit2.o(.ARM.exidx) refers to rtexit2.o(.ARM.Collect$$rtexit$$00000003) for .ARM.Collect$$rtexit$$00000003
    rtexit2.o(.ARM.exidx) refers to rtexit2.o(.ARM.Collect$$rtexit$$00000004) for .ARM.Collect$$rtexit$$00000004
    argv_veneer.o(.emb_text) refers to no_argv.o(.text) for __ARM_get_argv
    sys_exit.o(.text) refers (Special) to use_no_semi.o(.text) for __I$use$semihosting
    sys_exit.o(.text) refers (Special) to indicate_semi.o(.text) for __semihosting_library_function
    sys_exit_hlt.o(.text) refers (Special) to use_no_semi.o(.text) for __I$use$semihosting
    sys_exit_hlt.o(.text) refers (Special) to indicate_semi.o(.text) for __semihosting_library_function
    _get_argv_nomalloc.o(.text) refers (Special) to hrguard.o(.text) for __heap_region$guard
    _get_argv_nomalloc.o(.text) refers to defsig_rtmem_outer.o(.text) for __rt_SIGRTMEM
    _get_argv_nomalloc.o(.text) refers to sys_command.o(.text) for _sys_command_string
    libshutdown.o(.ARM.Collect$$libshutdown$$00000000) refers (Special) to libshutdown2.o(.ARM.Collect$$libshutdown$$00000002) for __rt_lib_shutdown_cpp_1
    libshutdown.o(.ARM.Collect$$libshutdown$$00000000) refers (Special) to libshutdown2.o(.ARM.Collect$$libshutdown$$00000007) for __rt_lib_shutdown_fp_trap_1
    libshutdown.o(.ARM.Collect$$libshutdown$$00000000) refers (Special) to libshutdown2.o(.ARM.Collect$$libshutdown$$0000000F) for __rt_lib_shutdown_heap_1
    libshutdown.o(.ARM.Collect$$libshutdown$$00000000) refers (Special) to libshutdown2.o(.ARM.Collect$$libshutdown$$00000010) for __rt_lib_shutdown_return
    libshutdown.o(.ARM.Collect$$libshutdown$$00000000) refers (Special) to libshutdown2.o(.ARM.Collect$$libshutdown$$0000000A) for __rt_lib_shutdown_signal_1
    libshutdown.o(.ARM.Collect$$libshutdown$$00000000) refers (Special) to libshutdown2.o(.ARM.Collect$$libshutdown$$00000004) for __rt_lib_shutdown_stdio_1
    libshutdown.o(.ARM.Collect$$libshutdown$$00000000) refers (Special) to libshutdown2.o(.ARM.Collect$$libshutdown$$0000000C) for __rt_lib_shutdown_user_alloc_1
    sys_command.o(.text) refers (Special) to use_no_semi.o(.text) for __I$use$semihosting
    sys_command.o(.text) refers (Special) to indicate_semi.o(.text) for __semihosting_library_function
    sys_command_hlt.o(.text) refers (Special) to use_no_semi.o(.text) for __I$use$semihosting
    sys_command_hlt.o(.text) refers (Special) to indicate_semi.o(.text) for __semihosting_library_function
    defsig_rtmem_outer.o(.text) refers to defsig_rtmem_inner.o(.text) for __rt_SIGRTMEM_inner
    defsig_rtmem_outer.o(.text) refers to defsig_exit.o(.text) for __sig_exit
    defsig_rtmem_formal.o(.text) refers to rt_raise.o(.text) for __rt_raise
    rt_raise.o(.text) refers to __raise.o(.text) for __raise
    rt_raise.o(.text) refers to sys_exit.o(.text) for _sys_exit
    defsig_exit.o(.text) refers to sys_exit.o(.text) for _sys_exit
    defsig_rtmem_inner.o(.text) refers to defsig_general.o(.text) for __default_signal_display
    __raise.o(.text) refers to defsig.o(CL$$defsig) for __default_signal_handler
    defsig_general.o(.text) refers to sys_wrch.o(.text) for _ttywrch
    sys_wrch.o(.text) refers (Special) to use_no_semi.o(.text) for __I$use$semihosting
    sys_wrch.o(.text) refers (Special) to indicate_semi.o(.text) for __semihosting_library_function
    sys_wrch_hlt.o(.text) refers (Special) to use_no_semi.o(.text) for __I$use$semihosting
    sys_wrch_hlt.o(.text) refers (Special) to indicate_semi.o(.text) for __semihosting_library_function
    defsig.o(CL$$defsig) refers to defsig_rtmem_inner.o(.text) for __rt_SIGRTMEM_inner
    defsig_abrt_inner.o(.text) refers to defsig_general.o(.text) for __default_signal_display
    defsig_fpe_inner.o(.text) refers to defsig_general.o(.text) for __default_signal_display
    defsig_rtred_inner.o(.text) refers to defsig_general.o(.text) for __default_signal_display
    defsig_stak_inner.o(.text) refers to defsig_general.o(.text) for __default_signal_display
    defsig_pvfn_inner.o(.text) refers to defsig_general.o(.text) for __default_signal_display
    defsig_cppl_inner.o(.text) refers to defsig_general.o(.text) for __default_signal_display
    defsig_segv_inner.o(.text) refers to defsig_general.o(.text) for __default_signal_display
    defsig_other.o(.text) refers to defsig_general.o(.text) for __default_signal_display


==============================================================================

Removing Unused input sections from the image.

    Removing main.o(.text), (0 bytes).
    Removing main.o(.ARM.exidx.text.main), (8 bytes).
    Removing main.o(.ARM.exidx.text.PMOD_ENC_Task), (8 bytes).
    Removing main.o(.ARM.exidx.text.Display_Main_Menu), (8 bytes).
    Removing main.o(.ARM.exidx.text.Process_Main_Menu_Selection), (8 bytes).
    Removing main.o(.ARM.use_no_argv), (4 bytes).
    Removing gpio.o(.text), (0 bytes).
    Removing gpio.o(.text.RGB_LED_Init), (82 bytes).
    Removing gpio.o(.ARM.exidx.text.RGB_LED_Init), (8 bytes).
    Removing gpio.o(.text.RGB_LED_Output), (32 bytes).
    Removing gpio.o(.ARM.exidx.text.RGB_LED_Output), (8 bytes).
    Removing gpio.o(.text.RGB_LED_Status), (28 bytes).
    Removing gpio.o(.ARM.exidx.text.RGB_LED_Status), (8 bytes).
    Removing gpio.o(.ARM.exidx.text.EduBase_LEDs_Init), (8 bytes).
    Removing gpio.o(.ARM.exidx.text.EduBase_LEDs_Output), (8 bytes).
    Removing gpio.o(.text.EduBase_Button_Init), (66 bytes).
    Removing gpio.o(.ARM.exidx.text.EduBase_Button_Init), (8 bytes).
    Removing gpio.o(.ARM.exidx.text.Get_EduBase_Button_Status), (8 bytes).
    Removing gpio.o(.text.Change_Counter_Speed), (86 bytes).
    Removing gpio.o(.ARM.exidx.text.Change_Counter_Speed), (8 bytes).
    Removing gpio.o(.rodata.RGB_LED_OFF), (1 bytes).
    Removing gpio.o(.rodata.RGB_LED_RED), (1 bytes).
    Removing gpio.o(.rodata.RGB_LED_BLUE), (1 bytes).
    Removing gpio.o(.rodata.RGB_LED_GREEN), (1 bytes).
    Removing systick_delay.o(.text), (0 bytes).
    Removing systick_delay.o(.ARM.exidx.text.SysTick_Delay_Init), (8 bytes).
    Removing systick_delay.o(.ARM.exidx.text.SysTick_Delay1us), (8 bytes).
    Removing systick_delay.o(.ARM.exidx.text.SysTick_Delay1ms), (8 bytes).
    Removing systick_delay.o(.ARM.exidx.text.SysTick_Handler), (8 bytes).
    Removing buzzer.o(.text), (0 bytes).
    Removing buzzer.o(.text.Buzzer_Init), (66 bytes).
    Removing buzzer.o(.ARM.exidx.text.Buzzer_Init), (8 bytes).
    Removing buzzer.o(.text.Buzzer_Output), (32 bytes).
    Removing buzzer.o(.ARM.exidx.text.Buzzer_Output), (8 bytes).
    Removing buzzer.o(.text.Play_Note), (144 bytes).
    Removing buzzer.o(.ARM.exidx.text.Play_Note), (8 bytes).
    Removing buzzer.o(.rodata.BUZZER_OFF), (1 bytes).
    Removing buzzer.o(.rodata.BUZZER_ON), (1 bytes).
    Removing buzzer.o(.rodata.C4_NOTE), (8 bytes).
    Removing buzzer.o(.rodata.D4_NOTE), (8 bytes).
    Removing buzzer.o(.rodata.E4_NOTE), (8 bytes).
    Removing buzzer.o(.rodata.F4_NOTE), (8 bytes).
    Removing buzzer.o(.rodata.G4_NOTE), (8 bytes).
    Removing buzzer.o(.rodata.A4_NOTE), (8 bytes).
    Removing buzzer.o(.rodata.B4_NOTE), (8 bytes).
    Removing buzzer.o(.rodata.C5_NOTE), (8 bytes).
    Removing timer_0a_interrupt.o(.text), (0 bytes).
    Removing timer_0a_interrupt.o(.ARM.exidx.text.Timer_0A_Interrupt_Init), (8 bytes).
    Removing timer_0a_interrupt.o(.ARM.exidx.text.TIMER0A_Handler), (8 bytes).
    Removing seven_segment_display.o(.text), (0 bytes).
    Removing seven_segment_display.o(.text.Seven_Segment_Display_Init), (228 bytes).
    Removing seven_segment_display.o(.ARM.exidx.text.Seven_Segment_Display_Init), (8 bytes).
    Removing seven_segment_display.o(.text.SSI2_Write), (78 bytes).
    Removing seven_segment_display.o(.ARM.exidx.text.SSI2_Write), (8 bytes).
    Removing seven_segment_display.o(.text.Count_Digits), (52 bytes).
    Removing seven_segment_display.o(.ARM.exidx.text.Count_Digits), (8 bytes).
    Removing seven_segment_display.o(.text.Seven_Segment_Display), (152 bytes).
    Removing seven_segment_display.o(.ARM.exidx.text.Seven_Segment_Display), (8 bytes).
    Removing seven_segment_display.o(.text.Seven_Segment_Display_Stopwatch), (114 bytes).
    Removing seven_segment_display.o(.ARM.exidx.text.Seven_Segment_Display_Stopwatch), (8 bytes).
    Removing seven_segment_display.o(.rodata.number_pattern), (16 bytes).
    Removing edubase_button_interrupt.o(.text), (0 bytes).
    Removing edubase_button_interrupt.o(.text.EduBase_Button_Interrupt_Init), (212 bytes).
    Removing edubase_button_interrupt.o(.ARM.exidx.text.EduBase_Button_Interrupt_Init), (8 bytes).
    Removing edubase_button_interrupt.o(.ARM.exidx.text.GPIOD_Handler), (8 bytes).
    Removing pmod_btn_interrupt.o(.text), (0 bytes).
    Removing pmod_btn_interrupt.o(.text.PMOD_BTN_Interrupt_Init), (220 bytes).
    Removing pmod_btn_interrupt.o(.ARM.exidx.text.PMOD_BTN_Interrupt_Init), (8 bytes).
    Removing pmod_btn_interrupt.o(.ARM.exidx.text.PMOD_BTN_Read), (8 bytes).
    Removing pmod_btn_interrupt.o(.ARM.exidx.text.GPIOA_Handler), (8 bytes).
    Removing pwm_clock.o(.text), (0 bytes).
    Removing pwm_clock.o(.text.PWM_Clock_Init), (34 bytes).
    Removing pwm_clock.o(.ARM.exidx.text.PWM_Clock_Init), (8 bytes).
    Removing pwm0_0.o(.text), (0 bytes).
    Removing pwm0_0.o(.text.PWM0_0_Init), (224 bytes).
    Removing pwm0_0.o(.ARM.exidx.text.PWM0_0_Init), (8 bytes).
    Removing pwm0_0.o(.text.PWM0_0_Update_Duty_Cycle), (26 bytes).
    Removing pwm0_0.o(.ARM.exidx.text.PWM0_0_Update_Duty_Cycle), (8 bytes).
    Removing pwm1_3.o(.text), (0 bytes).
    Removing pwm1_3.o(.text.PWM1_3_Init), (224 bytes).
    Removing pwm1_3.o(.ARM.exidx.text.PWM1_3_Init), (8 bytes).
    Removing pwm1_3.o(.text.PWM1_3_Update_Duty_Cycle), (26 bytes).
    Removing pwm1_3.o(.ARM.exidx.text.PWM1_3_Update_Duty_Cycle), (8 bytes).
    Removing stepper_motor.o(.text), (0 bytes).
    Removing stepper_motor.o(.text.Stepper_Motor_Init), (138 bytes).
    Removing stepper_motor.o(.ARM.exidx.text.Stepper_Motor_Init), (8 bytes).
    Removing edubase_lcd.o(.text), (0 bytes).
    Removing edubase_lcd.o(.ARM.exidx.text.EduBase_LCD_Ports_Init), (8 bytes).
    Removing edubase_lcd.o(.ARM.exidx.text.EduBase_LCD_Pulse_Enable), (8 bytes).
    Removing edubase_lcd.o(.ARM.exidx.text.EduBase_LCD_Write_4_Bits), (8 bytes).
    Removing edubase_lcd.o(.ARM.exidx.text.EduBase_LCD_Send_Command), (8 bytes).
    Removing edubase_lcd.o(.ARM.exidx.text.EduBase_LCD_Send_Data), (8 bytes).
    Removing edubase_lcd.o(.ARM.exidx.text.EduBase_LCD_Init), (8 bytes).
    Removing edubase_lcd.o(.ARM.exidx.text.EduBase_LCD_Enable_Display), (8 bytes).
    Removing edubase_lcd.o(.ARM.exidx.text.EduBase_LCD_Return_Home), (8 bytes).
    Removing edubase_lcd.o(.ARM.exidx.text.EduBase_LCD_Clear_Display), (8 bytes).
    Removing edubase_lcd.o(.ARM.exidx.text.EduBase_LCD_Disable_Cursor_Blink), (8 bytes).
    Removing edubase_lcd.o(.ARM.exidx.text.EduBase_LCD_Disable_Cursor), (8 bytes).
    Removing edubase_lcd.o(.ARM.exidx.text.EduBase_LCD_Set_Cursor), (8 bytes).
    Removing edubase_lcd.o(.text.EduBase_LCD_Disable_Display), (30 bytes).
    Removing edubase_lcd.o(.ARM.exidx.text.EduBase_LCD_Disable_Display), (8 bytes).
    Removing edubase_lcd.o(.text.EduBase_LCD_Enable_Cursor), (30 bytes).
    Removing edubase_lcd.o(.ARM.exidx.text.EduBase_LCD_Enable_Cursor), (8 bytes).
    Removing edubase_lcd.o(.text.EduBase_LCD_Enable_Cursor_Blink), (30 bytes).
    Removing edubase_lcd.o(.ARM.exidx.text.EduBase_LCD_Enable_Cursor_Blink), (8 bytes).
    Removing edubase_lcd.o(.text.EduBase_LCD_Scroll_Display_Left), (10 bytes).
    Removing edubase_lcd.o(.ARM.exidx.text.EduBase_LCD_Scroll_Display_Left), (8 bytes).
    Removing edubase_lcd.o(.text.EduBase_LCD_Scroll_Display_Right), (10 bytes).
    Removing edubase_lcd.o(.ARM.exidx.text.EduBase_LCD_Scroll_Display_Right), (8 bytes).
    Removing edubase_lcd.o(.text.EduBase_LCD_Left_to_Right), (30 bytes).
    Removing edubase_lcd.o(.ARM.exidx.text.EduBase_LCD_Left_to_Right), (8 bytes).
    Removing edubase_lcd.o(.text.EduBase_LCD_Right_to_Left), (30 bytes).
    Removing edubase_lcd.o(.ARM.exidx.text.EduBase_LCD_Right_to_Left), (8 bytes).
    Removing edubase_lcd.o(.ARM.exidx.text.EduBase_LCD_Create_Custom_Character), (8 bytes).
    Removing edubase_lcd.o(.ARM.exidx.text.EduBase_LCD_Display_String), (8 bytes).
    Removing edubase_lcd.o(.text.EduBase_LCD_Display_Integer), (34 bytes).
    Removing edubase_lcd.o(.ARM.exidx.text.EduBase_LCD_Display_Integer), (8 bytes).
    Removing edubase_lcd.o(.text.EduBase_LCD_Display_Double), (42 bytes).
    Removing edubase_lcd.o(.ARM.exidx.text.EduBase_LCD_Display_Double), (8 bytes).
    Removing edubase_lcd.o(.text.EduBase_LCD_Display_Heart), (26 bytes).
    Removing edubase_lcd.o(.ARM.exidx.text.EduBase_LCD_Display_Heart), (8 bytes).
    Removing edubase_lcd.o(.bss.display_mode), (1 bytes).
    Removing edubase_lcd.o(.rodata.str1.1), (8 bytes).
    Removing pmod_enc.o(.text), (0 bytes).
    Removing pmod_enc.o(.ARM.exidx.text.PMOD_ENC_Init), (8 bytes).
    Removing pmod_enc.o(.ARM.exidx.text.PMOD_ENC_Get_State), (8 bytes).
    Removing pmod_enc.o(.ARM.exidx.text.PMOD_ENC_Get_Rotation), (8 bytes).
    Removing pmod_enc.o(.ARM.exidx.text.PMOD_ENC_Button_Read), (8 bytes).
    Removing pmod_enc.o(.text.PMOD_ENC_Switch_Read), (18 bytes).
    Removing pmod_enc.o(.ARM.exidx.text.PMOD_ENC_Switch_Read), (8 bytes).
    Removing system_tm4c123.o(.text), (0 bytes).
    Removing system_tm4c123.o(.text.SystemCoreClockUpdate), (326 bytes).
    Removing system_tm4c123.o(.ARM.exidx.text.SystemCoreClockUpdate), (8 bytes).
    Removing system_tm4c123.o(.text.getOscClk), (360 bytes).
    Removing system_tm4c123.o(.ARM.exidx.text.getOscClk), (8 bytes).
    Removing system_tm4c123.o(.ARM.exidx.text.SystemInit), (8 bytes).
    Removing system_tm4c123.o(.data.SystemCoreClock), (4 bytes).

137 unused section(s) (total 3895 bytes) removed from the image.

==============================================================================

Image Symbol Table

    Local Symbols

    Symbol Name                              Value     Ov Type        Size  Object(Section)

    ../clib/angel/boardlib.s                 0x00000000   Number         0  boardinit1.o ABSOLUTE
    ../clib/angel/boardlib.s                 0x00000000   Number         0  boardinit2.o ABSOLUTE
    ../clib/angel/boardlib.s                 0x00000000   Number         0  boardinit3.o ABSOLUTE
    ../clib/angel/boardlib.s                 0x00000000   Number         0  boardshut.o ABSOLUTE
    ../clib/angel/handlers.s                 0x00000000   Number         0  __scatter_copy.o ABSOLUTE
    ../clib/angel/handlers.s                 0x00000000   Number         0  __scatter_zi.o ABSOLUTE
    ../clib/angel/kernel.s                   0x00000000   Number         0  __rtentry.o ABSOLUTE
    ../clib/angel/kernel.s                   0x00000000   Number         0  __rtentry2.o ABSOLUTE
    ../clib/angel/kernel.s                   0x00000000   Number         0  __rtentry4.o ABSOLUTE
    ../clib/angel/kernel.s                   0x00000000   Number         0  rtexit.o ABSOLUTE
    ../clib/angel/kernel.s                   0x00000000   Number         0  rtexit2.o ABSOLUTE
    ../clib/angel/rt.s                       0x00000000   Number         0  rt_ctype_table.o ABSOLUTE
    ../clib/angel/rt.s                       0x00000000   Number         0  rt_locale.o ABSOLUTE
    ../clib/angel/rt.s                       0x00000000   Number         0  rt_locale_intlibspace.o ABSOLUTE
    ../clib/angel/rt.s                       0x00000000   Number         0  rt_raise.o ABSOLUTE
    ../clib/angel/scatter.s                  0x00000000   Number         0  __scatter.o ABSOLUTE
    ../clib/angel/startup.s                  0x00000000   Number         0  __main.o ABSOLUTE
    ../clib/angel/sys.s                      0x00000000   Number         0  sys_stackheap_outer.o ABSOLUTE
    ../clib/angel/sys.s                      0x00000000   Number         0  libspace.o ABSOLUTE
    ../clib/angel/sys.s                      0x00000000   Number         0  use_no_semi.o ABSOLUTE
    ../clib/angel/sys.s                      0x00000000   Number         0  indicate_semi.o ABSOLUTE
    ../clib/angel/sysapp.c                   0x00000000   Number         0  sys_exit.o ABSOLUTE
    ../clib/angel/sysapp.c                   0x00000000   Number         0  sys_exit_hlt.o ABSOLUTE
    ../clib/angel/sysapp.c                   0x00000000   Number         0  sys_command.o ABSOLUTE
    ../clib/angel/sysapp.c                   0x00000000   Number         0  sys_command_hlt.o ABSOLUTE
    ../clib/angel/sysapp.c                   0x00000000   Number         0  sys_wrch.o ABSOLUTE
    ../clib/angel/sysapp.c                   0x00000000   Number         0  sys_wrch_hlt.o ABSOLUTE
    ../clib/armsys.c                         0x00000000   Number         0  argv_veneer.o ABSOLUTE
    ../clib/armsys.c                         0x00000000   Number         0  argv_veneer.o ABSOLUTE
    ../clib/armsys.c                         0x00000000   Number         0  _get_argv_nomalloc.o ABSOLUTE
    ../clib/armsys.c                         0x00000000   Number         0  no_argv.o ABSOLUTE
    ../clib/bigflt.c                         0x00000000   Number         0  bigflt0.o ABSOLUTE
    ../clib/btod.s                           0x00000000   Number         0  btod.o ABSOLUTE
    ../clib/btod_accurate.c                  0x00000000   Number         0  btod_accurate.o ABSOLUTE
    ../clib/btod_accurate.c                  0x00000000   Number         0  btod_accurate_common.o ABSOLUTE
    ../clib/heapalloc.c                      0x00000000   Number         0  hrguard.o ABSOLUTE
    ../clib/heapaux.c                        0x00000000   Number         0  heapauxi.o ABSOLUTE
    ../clib/libinit.s                        0x00000000   Number         0  libinit.o ABSOLUTE
    ../clib/libinit.s                        0x00000000   Number         0  libinit2.o ABSOLUTE
    ../clib/libinit.s                        0x00000000   Number         0  libshutdown.o ABSOLUTE
    ../clib/libinit.s                        0x00000000   Number         0  libshutdown2.o ABSOLUTE
    ../clib/locale.c                         0x00000000   Number         0  _c16rtomb.o ABSOLUTE
    ../clib/locale.s                         0x00000000   Number         0  lc_numeric_c.o ABSOLUTE
    ../clib/locale.s                         0x00000000   Number         0  lc_ctype_c.o ABSOLUTE
    ../clib/longlong.s                       0x00000000   Number         0  lludiv10.o ABSOLUTE
    ../clib/longlong.s                       0x00000000   Number         0  llushr.o ABSOLUTE
    ../clib/memcpset.s                       0x00000000   Number         0  strcmpv7em.o ABSOLUTE
    ../clib/misc.s                           0x00000000   Number         0  printf_stubs.o ABSOLUTE
    ../clib/printf.c                         0x00000000   Number         0  sprintf.o ABSOLUTE
    ../clib/printf.c                         0x00000000   Number         0  __printf.o ABSOLUTE
    ../clib/printf.c                         0x00000000   Number         0  _printf_pad.o ABSOLUTE
    ../clib/printf.c                         0x00000000   Number         0  _printf_truncate.o ABSOLUTE
    ../clib/printf.c                         0x00000000   Number         0  _printf_str.o ABSOLUTE
    ../clib/printf.c                         0x00000000   Number         0  _printf_dec.o ABSOLUTE
    ../clib/printf.c                         0x00000000   Number         0  _printf_charcount.o ABSOLUTE
    ../clib/printf.c                         0x00000000   Number         0  _printf_char_common.o ABSOLUTE
    ../clib/printf.c                         0x00000000   Number         0  _sputc.o ABSOLUTE
    ../clib/printf.c                         0x00000000   Number         0  _printf_wctomb.o ABSOLUTE
    ../clib/printf.c                         0x00000000   Number         0  _printf_longlong_dec.o ABSOLUTE
    ../clib/printf.c                         0x00000000   Number         0  _printf_oct_ll.o ABSOLUTE
    ../clib/printf.c                         0x00000000   Number         0  _printf_oct_int.o ABSOLUTE
    ../clib/printf.c                         0x00000000   Number         0  _printf_oct_int_ll.o ABSOLUTE
    ../clib/printf.c                         0x00000000   Number         0  _printf_hex_ll.o ABSOLUTE
    ../clib/printf.c                         0x00000000   Number         0  _printf_hex_int.o ABSOLUTE
    ../clib/printf.c                         0x00000000   Number         0  _printf_hex_int_ll.o ABSOLUTE
    ../clib/printf.c                         0x00000000   Number         0  _printf_hex_ptr.o ABSOLUTE
    ../clib/printf.c                         0x00000000   Number         0  _printf_hex_int_ptr.o ABSOLUTE
    ../clib/printf.c                         0x00000000   Number         0  _printf_hex_ll_ptr.o ABSOLUTE
    ../clib/printf.c                         0x00000000   Number         0  _printf_hex_int_ll_ptr.o ABSOLUTE
    ../clib/printf.c                         0x00000000   Number         0  __printf_flags.o ABSOLUTE
    ../clib/printf.c                         0x00000000   Number         0  __printf_ss.o ABSOLUTE
    ../clib/printf.c                         0x00000000   Number         0  __printf_flags_ss.o ABSOLUTE
    ../clib/printf.c                         0x00000000   Number         0  __printf_wp.o ABSOLUTE
    ../clib/printf.c                         0x00000000   Number         0  __printf_flags_wp.o ABSOLUTE
    ../clib/printf.c                         0x00000000   Number         0  __printf_ss_wp.o ABSOLUTE
    ../clib/printf.c                         0x00000000   Number         0  __printf_flags_ss_wp.o ABSOLUTE
    ../clib/printf.c                         0x00000000   Number         0  _printf_intcommon.o ABSOLUTE
    ../clib/printf.c                         0x00000000   Number         0  _printf_fp_dec.o ABSOLUTE
    ../clib/printf.c                         0x00000000   Number         0  _printf_fp_dec_accurate.o ABSOLUTE
    ../clib/printf.c                         0x00000000   Number         0  _printf_fp_hex.o ABSOLUTE
    ../clib/printf.c                         0x00000000   Number         0  __printf_nopercent.o ABSOLUTE
    ../clib/printf.c                         0x00000000   Number         0  _printf_char.o ABSOLUTE
    ../clib/printf.c                         0x00000000   Number         0  _printf_wchar.o ABSOLUTE
    ../clib/printf.c                         0x00000000   Number         0  _printf_fp_infnan.o ABSOLUTE
    ../clib/printf_percent.s                 0x00000000   Number         0  _printf_c.o ABSOLUTE
    ../clib/printf_percent.s                 0x00000000   Number         0  _printf_s.o ABSOLUTE
    ../clib/printf_percent.s                 0x00000000   Number         0  _printf_n.o ABSOLUTE
    ../clib/printf_percent.s                 0x00000000   Number         0  _printf_x.o ABSOLUTE
    ../clib/printf_percent.s                 0x00000000   Number         0  _printf_p.o ABSOLUTE
    ../clib/printf_percent.s                 0x00000000   Number         0  _printf_o.o ABSOLUTE
    ../clib/printf_percent.s                 0x00000000   Number         0  _printf_i.o ABSOLUTE
    ../clib/printf_percent.s                 0x00000000   Number         0  _printf_d.o ABSOLUTE
    ../clib/printf_percent.s                 0x00000000   Number         0  _printf_u.o ABSOLUTE
    ../clib/printf_percent.s                 0x00000000   Number         0  _printf_f.o ABSOLUTE
    ../clib/printf_percent.s                 0x00000000   Number         0  _printf_e.o ABSOLUTE
    ../clib/printf_percent.s                 0x00000000   Number         0  _printf_g.o ABSOLUTE
    ../clib/printf_percent.s                 0x00000000   Number         0  _printf_a.o ABSOLUTE
    ../clib/printf_percent.s                 0x00000000   Number         0  _printf_percent.o ABSOLUTE
    ../clib/printf_percent.s                 0x00000000   Number         0  _printf_lli.o ABSOLUTE
    ../clib/printf_percent.s                 0x00000000   Number         0  _printf_lld.o ABSOLUTE
    ../clib/printf_percent.s                 0x00000000   Number         0  _printf_llu.o ABSOLUTE
    ../clib/printf_percent.s                 0x00000000   Number         0  _printf_ll.o ABSOLUTE
    ../clib/printf_percent.s                 0x00000000   Number         0  _printf_l.o ABSOLUTE
    ../clib/printf_percent.s                 0x00000000   Number         0  _printf_lc.o ABSOLUTE
    ../clib/printf_percent.s                 0x00000000   Number         0  _printf_ls.o ABSOLUTE
    ../clib/printf_percent.s                 0x00000000   Number         0  _printf_llo.o ABSOLUTE
    ../clib/printf_percent.s                 0x00000000   Number         0  _printf_llx.o ABSOLUTE
    ../clib/printf_percent.s                 0x00000000   Number         0  _printf_percent_end.o ABSOLUTE
    ../clib/signal.c                         0x00000000   Number         0  defsig_rtmem_outer.o ABSOLUTE
    ../clib/signal.c                         0x00000000   Number         0  defsig_rtmem_formal.o ABSOLUTE
    ../clib/signal.c                         0x00000000   Number         0  defsig_exit.o ABSOLUTE
    ../clib/signal.c                         0x00000000   Number         0  defsig_rtmem_inner.o ABSOLUTE
    ../clib/signal.c                         0x00000000   Number         0  __raise.o ABSOLUTE
    ../clib/signal.c                         0x00000000   Number         0  defsig_general.o ABSOLUTE
    ../clib/signal.c                         0x00000000   Number         0  defsig_abrt_inner.o ABSOLUTE
    ../clib/signal.c                         0x00000000   Number         0  defsig_fpe_inner.o ABSOLUTE
    ../clib/signal.c                         0x00000000   Number         0  defsig_rtred_inner.o ABSOLUTE
    ../clib/signal.c                         0x00000000   Number         0  defsig_stak_inner.o ABSOLUTE
    ../clib/signal.c                         0x00000000   Number         0  defsig_pvfn_inner.o ABSOLUTE
    ../clib/signal.c                         0x00000000   Number         0  defsig_cppl_inner.o ABSOLUTE
    ../clib/signal.c                         0x00000000   Number         0  defsig_segv_inner.o ABSOLUTE
    ../clib/signal.c                         0x00000000   Number         0  defsig_other.o ABSOLUTE
    ../clib/signal.s                         0x00000000   Number         0  defsig.o ABSOLUTE
    ../clib/stdlib.c                         0x00000000   Number         0  exit.o ABSOLUTE
    ../clib/string.c                         0x00000000   Number         0  strlen.o ABSOLUTE
    ../fplib/ddiv.s                          0x00000000   Number         0  ddiv.o ABSOLUTE
    ../fplib/dfix.s                          0x00000000   Number         0  dfix.o ABSOLUTE
    ../fplib/dmul.s                          0x00000000   Number         0  dmul.o ABSOLUTE
    ../fplib/dnaninf.s                       0x00000000   Number         0  dnaninf.o ABSOLUTE
    ../fplib/dretinf.s                       0x00000000   Number         0  dretinf.o ABSOLUTE
    ../fplib/fpinit.s                        0x00000000   Number         0  fpinit.o ABSOLUTE
    ../fplib/istatus.s                       0x00000000   Number         0  istatus.o ABSOLUTE
    ../fplib/printf1.s                       0x00000000   Number         0  printf1.o ABSOLUTE
    ../fplib/printf2.s                       0x00000000   Number         0  printf2.o ABSOLUTE
    ../fplib/printf2a.s                      0x00000000   Number         0  printf2a.o ABSOLUTE
    ../fplib/printf2b.s                      0x00000000   Number         0  printf2b.o ABSOLUTE
    ../fplib/usenofp.s                       0x00000000   Number         0  usenofp.o ABSOLUTE
    ../mathlib/fpclassify.c                  0x00000000   Number         0  fpclassify.o ABSOLUTE
    Buzzer.c                                 0x00000000   Number         0  buzzer.o ABSOLUTE
    EduBase_Button_Interrupt.c               0x00000000   Number         0  edubase_button_interrupt.o ABSOLUTE
    EduBase_LCD.c                            0x00000000   Number         0  edubase_lcd.o ABSOLUTE
    GPIO.c                                   0x00000000   Number         0  gpio.o ABSOLUTE
    PMOD_BTN_Interrupt.c                     0x00000000   Number         0  pmod_btn_interrupt.o ABSOLUTE
    PMOD_ENC.c                               0x00000000   Number         0  pmod_enc.o ABSOLUTE
    PWM0_0.c                                 0x00000000   Number         0  pwm0_0.o ABSOLUTE
    PWM1_3.c                                 0x00000000   Number         0  pwm1_3.o ABSOLUTE
    PWM_Clock.c                              0x00000000   Number         0  pwm_clock.o ABSOLUTE
    RTE/Device/TM4C123GH6PM/startup_TM4C123.s 0x00000000   Number         0  startup_tm4c123.o ABSOLUTE
    Seven_Segment_Display.c                  0x00000000   Number         0  seven_segment_display.o ABSOLUTE
    Stepper_Motor.c                          0x00000000   Number         0  stepper_motor.o ABSOLUTE
    SysTick_Delay.c                          0x00000000   Number         0  systick_delay.o ABSOLUTE
    Timer_0A_Interrupt.c                     0x00000000   Number         0  timer_0a_interrupt.o ABSOLUTE
    dc.s                                     0x00000000   Number         0  dc.o ABSOLUTE
    main.c                                   0x00000000   Number         0  main.o ABSOLUTE
    system_TM4C123.c                         0x00000000   Number         0  system_tm4c123.o ABSOLUTE
    RESET                                    0x00000000   Section      620  startup_tm4c123.o(RESET)
    !!!main                                  0x0000026c   Section        8  __main.o(!!!main)
    !!!scatter                               0x00000274   Section       92  __scatter.o(!!!scatter)
    !!handler_copy                           0x000002d0   Section       26  __scatter_copy.o(!!handler_copy)
    !!handler_null                           0x000002ec   Section        2  __scatter.o(!!handler_null)
    !!handler_zi                             0x000002f0   Section       28  __scatter_zi.o(!!handler_zi)
    .ARM.Collect$$libinit$$00000000          0x0000030c   Section        2  libinit.o(.ARM.Collect$$libinit$$00000000)
    .ARM.Collect$$libinit$$00000001          0x0000030e   Section        4  libinit2.o(.ARM.Collect$$libinit$$00000001)
    .ARM.Collect$$libinit$$00000004          0x00000312   Section        0  libinit2.o(.ARM.Collect$$libinit$$00000004)
    .ARM.Collect$$libinit$$00000006          0x00000312   Section        0  libinit2.o(.ARM.Collect$$libinit$$00000006)
    .ARM.Collect$$libinit$$0000000C          0x00000312   Section        0  libinit2.o(.ARM.Collect$$libinit$$0000000C)
    .ARM.Collect$$libinit$$0000000E          0x00000312   Section        0  libinit2.o(.ARM.Collect$$libinit$$0000000E)
    .ARM.Collect$$libinit$$00000010          0x00000312   Section        0  libinit2.o(.ARM.Collect$$libinit$$00000010)
    .ARM.Collect$$libinit$$00000013          0x00000312   Section        0  libinit2.o(.ARM.Collect$$libinit$$00000013)
    .ARM.Collect$$libinit$$00000015          0x00000312   Section        0  libinit2.o(.ARM.Collect$$libinit$$00000015)
    .ARM.Collect$$libinit$$00000017          0x00000312   Section        0  libinit2.o(.ARM.Collect$$libinit$$00000017)
    .ARM.Collect$$libinit$$00000019          0x00000312   Section        0  libinit2.o(.ARM.Collect$$libinit$$00000019)
    .ARM.Collect$$libinit$$0000001B          0x00000312   Section        0  libinit2.o(.ARM.Collect$$libinit$$0000001B)
    .ARM.Collect$$libinit$$0000001D          0x00000312   Section        0  libinit2.o(.ARM.Collect$$libinit$$0000001D)
    .ARM.Collect$$libinit$$0000001F          0x00000312   Section        0  libinit2.o(.ARM.Collect$$libinit$$0000001F)
    .ARM.Collect$$libinit$$00000021          0x00000312   Section        0  libinit2.o(.ARM.Collect$$libinit$$00000021)
    .ARM.Collect$$libinit$$00000023          0x00000312   Section        0  libinit2.o(.ARM.Collect$$libinit$$00000023)
    .ARM.Collect$$libinit$$00000025          0x00000312   Section        0  libinit2.o(.ARM.Collect$$libinit$$00000025)
    .ARM.Collect$$libinit$$00000027          0x00000312   Section        0  libinit2.o(.ARM.Collect$$libinit$$00000027)
    .ARM.Collect$$libinit$$0000002E          0x00000312   Section        0  libinit2.o(.ARM.Collect$$libinit$$0000002E)
    .ARM.Collect$$libinit$$00000030          0x00000312   Section        0  libinit2.o(.ARM.Collect$$libinit$$00000030)
    .ARM.Collect$$libinit$$00000032          0x00000312   Section        0  libinit2.o(.ARM.Collect$$libinit$$00000032)
    .ARM.Collect$$libinit$$00000034          0x00000312   Section        0  libinit2.o(.ARM.Collect$$libinit$$00000034)
    .ARM.Collect$$libinit$$00000035          0x00000312   Section        2  libinit2.o(.ARM.Collect$$libinit$$00000035)
    .ARM.Collect$$libshutdown$$00000000      0x00000314   Section        2  libshutdown.o(.ARM.Collect$$libshutdown$$00000000)
    .ARM.Collect$$libshutdown$$00000002      0x00000316   Section        0  libshutdown2.o(.ARM.Collect$$libshutdown$$00000002)
    .ARM.Collect$$libshutdown$$00000004      0x00000316   Section        0  libshutdown2.o(.ARM.Collect$$libshutdown$$00000004)
    .ARM.Collect$$libshutdown$$00000007      0x00000316   Section        0  libshutdown2.o(.ARM.Collect$$libshutdown$$00000007)
    .ARM.Collect$$libshutdown$$0000000A      0x00000316   Section        0  libshutdown2.o(.ARM.Collect$$libshutdown$$0000000A)
    .ARM.Collect$$libshutdown$$0000000C      0x00000316   Section        0  libshutdown2.o(.ARM.Collect$$libshutdown$$0000000C)
    .ARM.Collect$$libshutdown$$0000000F      0x00000316   Section        0  libshutdown2.o(.ARM.Collect$$libshutdown$$0000000F)
    .ARM.Collect$$libshutdown$$00000010      0x00000316   Section        2  libshutdown2.o(.ARM.Collect$$libshutdown$$00000010)
    .ARM.Collect$$rtentry$$00000000          0x00000318   Section        0  __rtentry.o(.ARM.Collect$$rtentry$$00000000)
    .ARM.Collect$$rtentry$$00000002          0x00000318   Section        0  __rtentry2.o(.ARM.Collect$$rtentry$$00000002)
    .ARM.Collect$$rtentry$$00000004          0x00000318   Section        6  __rtentry4.o(.ARM.Collect$$rtentry$$00000004)
    .ARM.Collect$$rtentry$$00000009          0x0000031e   Section        0  __rtentry2.o(.ARM.Collect$$rtentry$$00000009)
    .ARM.Collect$$rtentry$$0000000A          0x0000031e   Section        4  __rtentry2.o(.ARM.Collect$$rtentry$$0000000A)
    .ARM.Collect$$rtentry$$0000000C          0x00000322   Section        0  __rtentry2.o(.ARM.Collect$$rtentry$$0000000C)
    .ARM.Collect$$rtentry$$0000000D          0x00000322   Section        8  __rtentry2.o(.ARM.Collect$$rtentry$$0000000D)
    .ARM.Collect$$rtexit$$00000000           0x0000032a   Section        2  rtexit.o(.ARM.Collect$$rtexit$$00000000)
    .ARM.Collect$$rtexit$$00000002           0x0000032c   Section        0  rtexit2.o(.ARM.Collect$$rtexit$$00000002)
    .ARM.Collect$$rtexit$$00000003           0x0000032c   Section        4  rtexit2.o(.ARM.Collect$$rtexit$$00000003)
    .ARM.Collect$$rtexit$$00000004           0x00000330   Section        6  rtexit2.o(.ARM.Collect$$rtexit$$00000004)
    $v0                                      0x00000338   Number         0  startup_tm4c123.o(.text)
    .text                                    0x00000338   Section      280  startup_tm4c123.o(.text)
    .text                                    0x00000450   Section        0  strlen.o(.text)
    .text                                    0x0000048e   Section        0  heapauxi.o(.text)
    .text                                    0x00000494   Section       74  sys_stackheap_outer.o(.text)
    .text                                    0x000004de   Section        0  exit.o(.text)
    .text                                    0x000004f0   Section        8  libspace.o(.text)
    .text                                    0x000004f8   Section        0  sys_exit.o(.text)
    .text                                    0x00000504   Section        2  use_no_semi.o(.text)
    .text                                    0x00000506   Section        0  indicate_semi.o(.text)
    [Anonymous Symbol]                       0x00000508   Section        0  main.o(.text.Display_Main_Menu)
    [Anonymous Symbol]                       0x00000598   Section        0  edubase_lcd.o(.text.EduBase_LCD_Clear_Display)
    [Anonymous Symbol]                       0x000005a4   Section        0  edubase_lcd.o(.text.EduBase_LCD_Create_Custom_Character)
    [Anonymous Symbol]                       0x000005f0   Section        0  edubase_lcd.o(.text.EduBase_LCD_Disable_Cursor)
    [Anonymous Symbol]                       0x00000610   Section        0  edubase_lcd.o(.text.EduBase_LCD_Disable_Cursor_Blink)
    [Anonymous Symbol]                       0x00000630   Section        0  edubase_lcd.o(.text.EduBase_LCD_Display_String)
    [Anonymous Symbol]                       0x00000668   Section        0  edubase_lcd.o(.text.EduBase_LCD_Enable_Display)
    [Anonymous Symbol]                       0x00000688   Section        0  edubase_lcd.o(.text.EduBase_LCD_Init)
    [Anonymous Symbol]                       0x000006f0   Section        0  edubase_lcd.o(.text.EduBase_LCD_Ports_Init)
    [Anonymous Symbol]                       0x000007d4   Section        0  edubase_lcd.o(.text.EduBase_LCD_Pulse_Enable)
    [Anonymous Symbol]                       0x00000810   Section        0  edubase_lcd.o(.text.EduBase_LCD_Return_Home)
    [Anonymous Symbol]                       0x0000081c   Section        0  edubase_lcd.o(.text.EduBase_LCD_Send_Command)
    [Anonymous Symbol]                       0x00000864   Section        0  edubase_lcd.o(.text.EduBase_LCD_Send_Data)
    [Anonymous Symbol]                       0x00000890   Section        0  edubase_lcd.o(.text.EduBase_LCD_Set_Cursor)
    [Anonymous Symbol]                       0x000008e0   Section        0  edubase_lcd.o(.text.EduBase_LCD_Write_4_Bits)
    [Anonymous Symbol]                       0x00000954   Section        0  gpio.o(.text.EduBase_LEDs_Init)
    [Anonymous Symbol]                       0x000009a8   Section        0  gpio.o(.text.EduBase_LEDs_Output)
    [Anonymous Symbol]                       0x000009c8   Section        0  pmod_btn_interrupt.o(.text.GPIOA_Handler)
    [Anonymous Symbol]                       0x00000a08   Section        0  edubase_button_interrupt.o(.text.GPIOD_Handler)
    [Anonymous Symbol]                       0x00000a48   Section        0  gpio.o(.text.Get_EduBase_Button_Status)
    [Anonymous Symbol]                       0x00000a64   Section        0  pmod_btn_interrupt.o(.text.PMOD_BTN_Read)
    [Anonymous Symbol]                       0x00000a80   Section        0  pmod_enc.o(.text.PMOD_ENC_Button_Read)
    [Anonymous Symbol]                       0x00000a94   Section        0  pmod_enc.o(.text.PMOD_ENC_Get_Rotation)
    [Anonymous Symbol]                       0x00000ad8   Section        0  pmod_enc.o(.text.PMOD_ENC_Get_State)
    [Anonymous Symbol]                       0x00000af4   Section        0  pmod_enc.o(.text.PMOD_ENC_Init)
    [Anonymous Symbol]                       0x00000b38   Section        0  main.o(.text.PMOD_ENC_Task)
    [Anonymous Symbol]                       0x00000c00   Section        0  main.o(.text.Process_Main_Menu_Selection)
    [Anonymous Symbol]                       0x00000d20   Section        0  systick_delay.o(.text.SysTick_Delay1ms)
    [Anonymous Symbol]                       0x00000d6c   Section        0  systick_delay.o(.text.SysTick_Delay1us)
    [Anonymous Symbol]                       0x00000d98   Section        0  systick_delay.o(.text.SysTick_Delay_Init)
    [Anonymous Symbol]                       0x00000dc4   Section        0  systick_delay.o(.text.SysTick_Handler)
    [Anonymous Symbol]                       0x00000e0c   Section        0  system_tm4c123.o(.text.SystemInit)
    [Anonymous Symbol]                       0x00000f18   Section        0  timer_0a_interrupt.o(.text.TIMER0A_Handler)
    [Anonymous Symbol]                       0x00000f48   Section        0  timer_0a_interrupt.o(.text.Timer_0A_Interrupt_Init)
    [Anonymous Symbol]                       0x00000ff4   Section        0  main.o(.text.main)
    $v0                                      0x0000108e   Number         0  fpinit.o(x$fpl$fpinit)
    x$fpl$fpinit                             0x0000108e   Section       26  fpinit.o(x$fpl$fpinit)
    .L.str.3                                 0x000010aa   Data          15  main.o(.rodata.str1.1)
    [Anonymous Symbol]                       0x000010aa   Section        0  main.o(.rodata.str1.1)
    .L.str.4                                 0x000010b9   Data          13  main.o(.rodata.str1.1)
    .L.str                                   0x000010c6   Data          14  main.o(.rodata.str1.1)
    .L.str.2                                 0x000010d4   Data          11  main.o(.rodata.str1.1)
    .L.str.1                                 0x000010df   Data          13  main.o(.rodata.str1.1)
    .L.str.5                                 0x000010ec   Data          23  main.o(.rodata.str1.1)
    heart_shape                              0x20000000   Data           8  main.o(.data.heart_shape)
    [Anonymous Symbol]                       0x20000000   Section        0  main.o(.data.heart_shape)
    prev_main_menu_counter                   0x20000008   Data           4  main.o(.data.prev_main_menu_counter)
    [Anonymous Symbol]                       0x20000008   Section        0  main.o(.data.prev_main_menu_counter)
    right_arrow                              0x2000000c   Data           8  main.o(.data.right_arrow)
    [Anonymous Symbol]                       0x2000000c   Section        0  main.o(.data.right_arrow)
    .bss                                     0x20000018   Section       96  libspace.o(.bss)
    display_control                          0x20000084   Data           1  edubase_lcd.o(.bss.display_control)
    [Anonymous Symbol]                       0x20000084   Section        0  edubase_lcd.o(.bss.display_control)
    last_state                               0x20000085   Data           1  main.o(.bss.last_state)
    [Anonymous Symbol]                       0x20000085   Section        0  main.o(.bss.last_state)
    main_menu_counter                        0x20000088   Data           4  main.o(.bss.main_menu_counter)
    [Anonymous Symbol]                       0x20000088   Section        0  main.o(.bss.main_menu_counter)
    ms_active                                0x2000008c   Data           1  systick_delay.o(.bss.ms_active)
    [Anonymous Symbol]                       0x2000008c   Section        0  systick_delay.o(.bss.ms_active)
    ms_elapsed                               0x20000090   Data           4  systick_delay.o(.bss.ms_elapsed)
    [Anonymous Symbol]                       0x20000090   Section        0  systick_delay.o(.bss.ms_elapsed)
    pmod_enc_btn_pressed                     0x20000094   Data           1  main.o(.bss.pmod_enc_btn_pressed)
    [Anonymous Symbol]                       0x20000094   Section        0  main.o(.bss.pmod_enc_btn_pressed)
    state                                    0x20000095   Data           1  main.o(.bss.state)
    [Anonymous Symbol]                       0x20000095   Section        0  main.o(.bss.state)
    us_elapsed                               0x20000098   Data           4  systick_delay.o(.bss.us_elapsed)
    [Anonymous Symbol]                       0x20000098   Section        0  systick_delay.o(.bss.us_elapsed)
    Heap_Mem                                 0x200000a0   Data        1024  startup_tm4c123.o(HEAP)
    HEAP                                     0x200000a0   Section     1024  startup_tm4c123.o(HEAP)
    Stack_Mem                                0x200004a0   Data        2048  startup_tm4c123.o(STACK)
    STACK                                    0x200004a0   Section     2048  startup_tm4c123.o(STACK)
    __initial_sp                             0x20000ca0   Data           0  startup_tm4c123.o(STACK)

    Global Symbols

    Symbol Name                              Value     Ov Type        Size  Object(Section)

    BuildAttributes$$THM_ISAv4$E$P$D$K$B$S$7EM$VFPi3$EXTD16$VFPS$VFMA$PE$A:L22UL41UL21$X:L11$S22US41US21$IEEE1$IW$~IW$USESV6$~STKCKD$USESV7$~SHL$OTIME$ROPI$IEEEJ$EBA8$UX$STANDARDLIB$REQ8$PRES8$EABIv2 0x00000000   Number         0  anon$$obj.o ABSOLUTE
    __Vectors                                0x00000000   Data           4  startup_tm4c123.o(RESET)
    _printf_flags                            0x00000000   Number         0  printf_stubs.o ABSOLUTE
    _printf_return_value                     0x00000000   Number         0  printf_stubs.o ABSOLUTE
    _printf_sizespec                         0x00000000   Number         0  printf_stubs.o ABSOLUTE
    _printf_widthprec                        0x00000000   Number         0  printf_stubs.o ABSOLUTE
    __ARM_exceptions_init                     - Undefined Weak Reference
    __alloca_initialize                       - Undefined Weak Reference
    __arm_preinit_                            - Undefined Weak Reference
    __arm_relocate_pie_                       - Undefined Weak Reference
    __cpp_initialize__aeabi_                  - Undefined Weak Reference
    __cxa_finalize                            - Undefined Weak Reference
    __sigvec_lookup                           - Undefined Weak Reference
    _atexit_init                              - Undefined Weak Reference
    _call_atexit_fns                          - Undefined Weak Reference
    _clock_init                               - Undefined Weak Reference
    _fp_trap_init                             - Undefined Weak Reference
    _fp_trap_shutdown                         - Undefined Weak Reference
    _get_lc_collate                           - Undefined Weak Reference
    _get_lc_monetary                          - Undefined Weak Reference
    _get_lc_time                              - Undefined Weak Reference
    _getenv_init                              - Undefined Weak Reference
    _handle_redirection                       - Undefined Weak Reference
    _init_alloc                               - Undefined Weak Reference
    _init_user_alloc                          - Undefined Weak Reference
    _initio                                   - Undefined Weak Reference
    _printf_mbtowc                            - Undefined Weak Reference
    _printf_wc                                - Undefined Weak Reference
    _rand_init                                - Undefined Weak Reference
    _signal_finish                            - Undefined Weak Reference
    _signal_init                              - Undefined Weak Reference
    _terminate_alloc                          - Undefined Weak Reference
    _terminate_user_alloc                     - Undefined Weak Reference
    _terminateio                              - Undefined Weak Reference
    __Vectors_End                            0x0000026c   Data           0  startup_tm4c123.o(RESET)
    __Vectors_Size                           0x0000026c   Number         0  startup_tm4c123.o ABSOLUTE
    __main                                   0x0000026d   Thumb Code     8  __main.o(!!!main)
    __scatterload                            0x00000275   Thumb Code     0  __scatter.o(!!!scatter)
    __scatterload_rt2                        0x00000275   Thumb Code    84  __scatter.o(!!!scatter)
    __scatterload_rt2_thumb_only             0x00000275   Thumb Code     0  __scatter.o(!!!scatter)
    __scatterload_loop                       0x0000027f   Thumb Code     0  __scatter.o(!!!scatter)
    __scatterload_copy                       0x000002d1   Thumb Code    26  __scatter_copy.o(!!handler_copy)
    __scatterload_null                       0x000002ed   Thumb Code     2  __scatter.o(!!handler_null)
    __scatterload_zeroinit                   0x000002f1   Thumb Code    28  __scatter_zi.o(!!handler_zi)
    __rt_lib_init                            0x0000030d   Thumb Code     0  libinit.o(.ARM.Collect$$libinit$$00000000)
    __rt_lib_init_fp_1                       0x0000030f   Thumb Code     0  libinit2.o(.ARM.Collect$$libinit$$00000001)
    __rt_lib_init_alloca_1                   0x00000313   Thumb Code     0  libinit2.o(.ARM.Collect$$libinit$$00000030)
    __rt_lib_init_argv_1                     0x00000313   Thumb Code     0  libinit2.o(.ARM.Collect$$libinit$$0000002E)
    __rt_lib_init_atexit_1                   0x00000313   Thumb Code     0  libinit2.o(.ARM.Collect$$libinit$$0000001D)
    __rt_lib_init_clock_1                    0x00000313   Thumb Code     0  libinit2.o(.ARM.Collect$$libinit$$00000023)
    __rt_lib_init_cpp_1                      0x00000313   Thumb Code     0  libinit2.o(.ARM.Collect$$libinit$$00000034)
    __rt_lib_init_exceptions_1               0x00000313   Thumb Code     0  libinit2.o(.ARM.Collect$$libinit$$00000032)
    __rt_lib_init_fp_trap_1                  0x00000313   Thumb Code     0  libinit2.o(.ARM.Collect$$libinit$$00000021)
    __rt_lib_init_getenv_1                   0x00000313   Thumb Code     0  libinit2.o(.ARM.Collect$$libinit$$00000025)
    __rt_lib_init_heap_1                     0x00000313   Thumb Code     0  libinit2.o(.ARM.Collect$$libinit$$0000000C)
    __rt_lib_init_lc_collate_1               0x00000313   Thumb Code     0  libinit2.o(.ARM.Collect$$libinit$$00000013)
    __rt_lib_init_lc_ctype_1                 0x00000313   Thumb Code     0  libinit2.o(.ARM.Collect$$libinit$$00000015)
    __rt_lib_init_lc_monetary_1              0x00000313   Thumb Code     0  libinit2.o(.ARM.Collect$$libinit$$00000017)
    __rt_lib_init_lc_numeric_1               0x00000313   Thumb Code     0  libinit2.o(.ARM.Collect$$libinit$$00000019)
    __rt_lib_init_lc_time_1                  0x00000313   Thumb Code     0  libinit2.o(.ARM.Collect$$libinit$$0000001B)
    __rt_lib_init_preinit_1                  0x00000313   Thumb Code     0  libinit2.o(.ARM.Collect$$libinit$$00000006)
    __rt_lib_init_rand_1                     0x00000313   Thumb Code     0  libinit2.o(.ARM.Collect$$libinit$$00000010)
    __rt_lib_init_relocate_pie_1             0x00000313   Thumb Code     0  libinit2.o(.ARM.Collect$$libinit$$00000004)
    __rt_lib_init_return                     0x00000313   Thumb Code     0  libinit2.o(.ARM.Collect$$libinit$$00000035)
    __rt_lib_init_signal_1                   0x00000313   Thumb Code     0  libinit2.o(.ARM.Collect$$libinit$$0000001F)
    __rt_lib_init_stdio_1                    0x00000313   Thumb Code     0  libinit2.o(.ARM.Collect$$libinit$$00000027)
    __rt_lib_init_user_alloc_1               0x00000313   Thumb Code     0  libinit2.o(.ARM.Collect$$libinit$$0000000E)
    __rt_lib_shutdown                        0x00000315   Thumb Code     0  libshutdown.o(.ARM.Collect$$libshutdown$$00000000)
    __rt_lib_shutdown_cpp_1                  0x00000317   Thumb Code     0  libshutdown2.o(.ARM.Collect$$libshutdown$$00000002)
    __rt_lib_shutdown_fp_trap_1              0x00000317   Thumb Code     0  libshutdown2.o(.ARM.Collect$$libshutdown$$00000007)
    __rt_lib_shutdown_heap_1                 0x00000317   Thumb Code     0  libshutdown2.o(.ARM.Collect$$libshutdown$$0000000F)
    __rt_lib_shutdown_return                 0x00000317   Thumb Code     0  libshutdown2.o(.ARM.Collect$$libshutdown$$00000010)
    __rt_lib_shutdown_signal_1               0x00000317   Thumb Code     0  libshutdown2.o(.ARM.Collect$$libshutdown$$0000000A)
    __rt_lib_shutdown_stdio_1                0x00000317   Thumb Code     0  libshutdown2.o(.ARM.Collect$$libshutdown$$00000004)
    __rt_lib_shutdown_user_alloc_1           0x00000317   Thumb Code     0  libshutdown2.o(.ARM.Collect$$libshutdown$$0000000C)
    __rt_entry                               0x00000319   Thumb Code     0  __rtentry.o(.ARM.Collect$$rtentry$$00000000)
    __rt_entry_presh_1                       0x00000319   Thumb Code     0  __rtentry2.o(.ARM.Collect$$rtentry$$00000002)
    __rt_entry_sh                            0x00000319   Thumb Code     0  __rtentry4.o(.ARM.Collect$$rtentry$$00000004)
    __rt_entry_li                            0x0000031f   Thumb Code     0  __rtentry2.o(.ARM.Collect$$rtentry$$0000000A)
    __rt_entry_postsh_1                      0x0000031f   Thumb Code     0  __rtentry2.o(.ARM.Collect$$rtentry$$00000009)
    __rt_entry_main                          0x00000323   Thumb Code     0  __rtentry2.o(.ARM.Collect$$rtentry$$0000000D)
    __rt_entry_postli_1                      0x00000323   Thumb Code     0  __rtentry2.o(.ARM.Collect$$rtentry$$0000000C)
    __rt_exit                                0x0000032b   Thumb Code     0  rtexit.o(.ARM.Collect$$rtexit$$00000000)
    __rt_exit_ls                             0x0000032d   Thumb Code     0  rtexit2.o(.ARM.Collect$$rtexit$$00000003)
    __rt_exit_prels_1                        0x0000032d   Thumb Code     0  rtexit2.o(.ARM.Collect$$rtexit$$00000002)
    __rt_exit_exit                           0x00000331   Thumb Code     0  rtexit2.o(.ARM.Collect$$rtexit$$00000004)
    Reset_Handler                            0x00000339   Thumb Code     8  startup_tm4c123.o(.text)
    NMI_Handler                              0x00000341   Thumb Code     2  startup_tm4c123.o(.text)
    HardFault_Handler                        0x00000343   Thumb Code     2  startup_tm4c123.o(.text)
    MemManage_Handler                        0x00000345   Thumb Code     2  startup_tm4c123.o(.text)
    BusFault_Handler                         0x00000347   Thumb Code     2  startup_tm4c123.o(.text)
    UsageFault_Handler                       0x00000349   Thumb Code     2  startup_tm4c123.o(.text)
    SVC_Handler                              0x0000034b   Thumb Code     2  startup_tm4c123.o(.text)
    DebugMon_Handler                         0x0000034d   Thumb Code     2  startup_tm4c123.o(.text)
    PendSV_Handler                           0x0000034f   Thumb Code     2  startup_tm4c123.o(.text)
    GPIOB_Handler                            0x00000355   Thumb Code     2  startup_tm4c123.o(.text)
    GPIOC_Handler                            0x00000357   Thumb Code     2  startup_tm4c123.o(.text)
    GPIOE_Handler                            0x0000035b   Thumb Code     2  startup_tm4c123.o(.text)
    UART0_Handler                            0x0000035d   Thumb Code     2  startup_tm4c123.o(.text)
    UART1_Handler                            0x0000035f   Thumb Code     2  startup_tm4c123.o(.text)
    SSI0_Handler                             0x00000361   Thumb Code     2  startup_tm4c123.o(.text)
    I2C0_Handler                             0x00000363   Thumb Code     2  startup_tm4c123.o(.text)
    PMW0_FAULT_Handler                       0x00000365   Thumb Code     2  startup_tm4c123.o(.text)
    PWM0_0_Handler                           0x00000367   Thumb Code     2  startup_tm4c123.o(.text)
    PWM0_1_Handler                           0x00000369   Thumb Code     2  startup_tm4c123.o(.text)
    PWM0_2_Handler                           0x0000036b   Thumb Code     2  startup_tm4c123.o(.text)
    QEI0_Handler                             0x0000036d   Thumb Code     2  startup_tm4c123.o(.text)
    ADC0SS0_Handler                          0x0000036f   Thumb Code     2  startup_tm4c123.o(.text)
    ADC0SS1_Handler                          0x00000371   Thumb Code     2  startup_tm4c123.o(.text)
    ADC0SS2_Handler                          0x00000373   Thumb Code     2  startup_tm4c123.o(.text)
    ADC0SS3_Handler                          0x00000375   Thumb Code     2  startup_tm4c123.o(.text)
    WDT0_Handler                             0x00000377   Thumb Code     2  startup_tm4c123.o(.text)
    TIMER0B_Handler                          0x0000037b   Thumb Code     2  startup_tm4c123.o(.text)
    TIMER1A_Handler                          0x0000037d   Thumb Code     2  startup_tm4c123.o(.text)
    TIMER1B_Handler                          0x0000037f   Thumb Code     2  startup_tm4c123.o(.text)
    TIMER2A_Handler                          0x00000381   Thumb Code     2  startup_tm4c123.o(.text)
    TIMER2B_Handler                          0x00000383   Thumb Code     2  startup_tm4c123.o(.text)
    COMP0_Handler                            0x00000385   Thumb Code     2  startup_tm4c123.o(.text)
    COMP1_Handler                            0x00000387   Thumb Code     2  startup_tm4c123.o(.text)
    COMP2_Handler                            0x00000389   Thumb Code     2  startup_tm4c123.o(.text)
    SYSCTL_Handler                           0x0000038b   Thumb Code     2  startup_tm4c123.o(.text)
    FLASH_Handler                            0x0000038d   Thumb Code     2  startup_tm4c123.o(.text)
    GPIOF_Handler                            0x0000038f   Thumb Code     2  startup_tm4c123.o(.text)
    GPIOG_Handler                            0x00000391   Thumb Code     2  startup_tm4c123.o(.text)
    GPIOH_Handler                            0x00000393   Thumb Code     2  startup_tm4c123.o(.text)
    UART2_Handler                            0x00000395   Thumb Code     2  startup_tm4c123.o(.text)
    SSI1_Handler                             0x00000397   Thumb Code     2  startup_tm4c123.o(.text)
    TIMER3A_Handler                          0x00000399   Thumb Code     2  startup_tm4c123.o(.text)
    TIMER3B_Handler                          0x0000039b   Thumb Code     2  startup_tm4c123.o(.text)
    I2C1_Handler                             0x0000039d   Thumb Code     2  startup_tm4c123.o(.text)
    QEI1_Handler                             0x0000039f   Thumb Code     2  startup_tm4c123.o(.text)
    CAN0_Handler                             0x000003a1   Thumb Code     2  startup_tm4c123.o(.text)
    CAN1_Handler                             0x000003a3   Thumb Code     2  startup_tm4c123.o(.text)
    CAN2_Handler                             0x000003a5   Thumb Code     2  startup_tm4c123.o(.text)
    HIB_Handler                              0x000003a7   Thumb Code     2  startup_tm4c123.o(.text)
    USB0_Handler                             0x000003a9   Thumb Code     2  startup_tm4c123.o(.text)
    PWM0_3_Handler                           0x000003ab   Thumb Code     2  startup_tm4c123.o(.text)
    UDMA_Handler                             0x000003ad   Thumb Code     2  startup_tm4c123.o(.text)
    UDMAERR_Handler                          0x000003af   Thumb Code     2  startup_tm4c123.o(.text)
    ADC1SS0_Handler                          0x000003b1   Thumb Code     2  startup_tm4c123.o(.text)
    ADC1SS1_Handler                          0x000003b3   Thumb Code     2  startup_tm4c123.o(.text)
    ADC1SS2_Handler                          0x000003b5   Thumb Code     2  startup_tm4c123.o(.text)
    ADC1SS3_Handler                          0x000003b7   Thumb Code     2  startup_tm4c123.o(.text)
    GPIOJ_Handler                            0x000003b9   Thumb Code     2  startup_tm4c123.o(.text)
    GPIOK_Handler                            0x000003bb   Thumb Code     2  startup_tm4c123.o(.text)
    GPIOL_Handler                            0x000003bd   Thumb Code     2  startup_tm4c123.o(.text)
    SSI2_Handler                             0x000003bf   Thumb Code     2  startup_tm4c123.o(.text)
    SSI3_Handler                             0x000003c1   Thumb Code     2  startup_tm4c123.o(.text)
    UART3_Handler                            0x000003c3   Thumb Code     2  startup_tm4c123.o(.text)
    UART4_Handler                            0x000003c5   Thumb Code     2  startup_tm4c123.o(.text)
    UART5_Handler                            0x000003c7   Thumb Code     2  startup_tm4c123.o(.text)
    UART6_Handler                            0x000003c9   Thumb Code     2  startup_tm4c123.o(.text)
    UART7_Handler                            0x000003cb   Thumb Code     2  startup_tm4c123.o(.text)
    I2C2_Handler                             0x000003cd   Thumb Code     2  startup_tm4c123.o(.text)
    I2C3_Handler                             0x000003cf   Thumb Code     2  startup_tm4c123.o(.text)
    TIMER4A_Handler                          0x000003d1   Thumb Code     2  startup_tm4c123.o(.text)
    TIMER4B_Handler                          0x000003d3   Thumb Code     2  startup_tm4c123.o(.text)
    TIMER5A_Handler                          0x000003d5   Thumb Code     2  startup_tm4c123.o(.text)
    TIMER5B_Handler                          0x000003d7   Thumb Code     2  startup_tm4c123.o(.text)
    WTIMER0A_Handler                         0x000003d9   Thumb Code     2  startup_tm4c123.o(.text)
    WTIMER0B_Handler                         0x000003db   Thumb Code     2  startup_tm4c123.o(.text)
    WTIMER1A_Handler                         0x000003dd   Thumb Code     2  startup_tm4c123.o(.text)
    WTIMER1B_Handler                         0x000003df   Thumb Code     2  startup_tm4c123.o(.text)
    WTIMER2A_Handler                         0x000003e1   Thumb Code     2  startup_tm4c123.o(.text)
    WTIMER2B_Handler                         0x000003e3   Thumb Code     2  startup_tm4c123.o(.text)
    WTIMER3A_Handler                         0x000003e5   Thumb Code     2  startup_tm4c123.o(.text)
    WTIMER3B_Handler                         0x000003e7   Thumb Code     2  startup_tm4c123.o(.text)
    WTIMER4A_Handler                         0x000003e9   Thumb Code     2  startup_tm4c123.o(.text)
    WTIMER4B_Handler                         0x000003eb   Thumb Code     2  startup_tm4c123.o(.text)
    WTIMER5A_Handler                         0x000003ed   Thumb Code     2  startup_tm4c123.o(.text)
    WTIMER5B_Handler                         0x000003ef   Thumb Code     2  startup_tm4c123.o(.text)
    FPU_Handler                              0x000003f1   Thumb Code     2  startup_tm4c123.o(.text)
    I2C4_Handler                             0x000003f3   Thumb Code     2  startup_tm4c123.o(.text)
    I2C5_Handler                             0x000003f5   Thumb Code     2  startup_tm4c123.o(.text)
    GPIOM_Handler                            0x000003f7   Thumb Code     2  startup_tm4c123.o(.text)
    GPION_Handler                            0x000003f9   Thumb Code     2  startup_tm4c123.o(.text)
    QEI2_Handler                             0x000003fb   Thumb Code     2  startup_tm4c123.o(.text)
    GPIOP0_Handler                           0x000003fd   Thumb Code     2  startup_tm4c123.o(.text)
    GPIOP1_Handler                           0x000003ff   Thumb Code     2  startup_tm4c123.o(.text)
    GPIOP2_Handler                           0x00000401   Thumb Code     2  startup_tm4c123.o(.text)
    GPIOP3_Handler                           0x00000403   Thumb Code     2  startup_tm4c123.o(.text)
    GPIOP4_Handler                           0x00000405   Thumb Code     2  startup_tm4c123.o(.text)
    GPIOP5_Handler                           0x00000407   Thumb Code     2  startup_tm4c123.o(.text)
    GPIOP6_Handler                           0x00000409   Thumb Code     2  startup_tm4c123.o(.text)
    GPIOP7_Handler                           0x0000040b   Thumb Code     2  startup_tm4c123.o(.text)
    GPIOQ0_Handler                           0x0000040d   Thumb Code     2  startup_tm4c123.o(.text)
    GPIOQ1_Handler                           0x0000040f   Thumb Code     2  startup_tm4c123.o(.text)
    GPIOQ2_Handler                           0x00000411   Thumb Code     2  startup_tm4c123.o(.text)
    GPIOQ3_Handler                           0x00000413   Thumb Code     2  startup_tm4c123.o(.text)
    GPIOQ4_Handler                           0x00000415   Thumb Code     2  startup_tm4c123.o(.text)
    GPIOQ5_Handler                           0x00000417   Thumb Code     2  startup_tm4c123.o(.text)
    GPIOQ6_Handler                           0x00000419   Thumb Code     2  startup_tm4c123.o(.text)
    GPIOQ7_Handler                           0x0000041b   Thumb Code     2  startup_tm4c123.o(.text)
    GPIOR_Handler                            0x0000041d   Thumb Code     2  startup_tm4c123.o(.text)
    GPIOS_Handler                            0x0000041f   Thumb Code     2  startup_tm4c123.o(.text)
    PMW1_0_Handler                           0x00000421   Thumb Code     2  startup_tm4c123.o(.text)
    PWM1_1_Handler                           0x00000423   Thumb Code     2  startup_tm4c123.o(.text)
    PWM1_2_Handler                           0x00000425   Thumb Code     2  startup_tm4c123.o(.text)
    PWM1_3_Handler                           0x00000427   Thumb Code     2  startup_tm4c123.o(.text)
    PWM1_FAULT_Handler                       0x00000429   Thumb Code     2  startup_tm4c123.o(.text)
    __user_initial_stackheap                 0x0000042d   Thumb Code     0  startup_tm4c123.o(.text)
    strlen                                   0x00000451   Thumb Code    62  strlen.o(.text)
    __use_two_region_memory                  0x0000048f   Thumb Code     2  heapauxi.o(.text)
    __rt_heap_escrow$2region                 0x00000491   Thumb Code     2  heapauxi.o(.text)
    __rt_heap_expand$2region                 0x00000493   Thumb Code     2  heapauxi.o(.text)
    __user_setup_stackheap                   0x00000495   Thumb Code    74  sys_stackheap_outer.o(.text)
    exit                                     0x000004df   Thumb Code    18  exit.o(.text)
    __user_libspace                          0x000004f1   Thumb Code     8  libspace.o(.text)
    __user_perproc_libspace                  0x000004f1   Thumb Code     0  libspace.o(.text)
    __user_perthread_libspace                0x000004f1   Thumb Code     0  libspace.o(.text)
    _sys_exit                                0x000004f9   Thumb Code     8  sys_exit.o(.text)
    __I$use$semihosting                      0x00000505   Thumb Code     0  use_no_semi.o(.text)
    __use_no_semihosting_swi                 0x00000505   Thumb Code     2  use_no_semi.o(.text)
    __semihosting_library_function           0x00000507   Thumb Code     0  indicate_semi.o(.text)
    Display_Main_Menu                        0x00000509   Thumb Code   142  main.o(.text.Display_Main_Menu)
    EduBase_LCD_Clear_Display                0x00000599   Thumb Code    10  edubase_lcd.o(.text.EduBase_LCD_Clear_Display)
    EduBase_LCD_Create_Custom_Character      0x000005a5   Thumb Code    76  edubase_lcd.o(.text.EduBase_LCD_Create_Custom_Character)
    EduBase_LCD_Disable_Cursor               0x000005f1   Thumb Code    30  edubase_lcd.o(.text.EduBase_LCD_Disable_Cursor)
    EduBase_LCD_Disable_Cursor_Blink         0x00000611   Thumb Code    30  edubase_lcd.o(.text.EduBase_LCD_Disable_Cursor_Blink)
    EduBase_LCD_Display_String               0x00000631   Thumb Code    56  edubase_lcd.o(.text.EduBase_LCD_Display_String)
    EduBase_LCD_Enable_Display               0x00000669   Thumb Code    30  edubase_lcd.o(.text.EduBase_LCD_Enable_Display)
    EduBase_LCD_Init                         0x00000689   Thumb Code   104  edubase_lcd.o(.text.EduBase_LCD_Init)
    EduBase_LCD_Ports_Init                   0x000006f1   Thumb Code   226  edubase_lcd.o(.text.EduBase_LCD_Ports_Init)
    EduBase_LCD_Pulse_Enable                 0x000007d5   Thumb Code    60  edubase_lcd.o(.text.EduBase_LCD_Pulse_Enable)
    EduBase_LCD_Return_Home                  0x00000811   Thumb Code    10  edubase_lcd.o(.text.EduBase_LCD_Return_Home)
    EduBase_LCD_Send_Command                 0x0000081d   Thumb Code    70  edubase_lcd.o(.text.EduBase_LCD_Send_Command)
    EduBase_LCD_Send_Data                    0x00000865   Thumb Code    42  edubase_lcd.o(.text.EduBase_LCD_Send_Data)
    EduBase_LCD_Set_Cursor                   0x00000891   Thumb Code    80  edubase_lcd.o(.text.EduBase_LCD_Set_Cursor)
    EduBase_LCD_Write_4_Bits                 0x000008e1   Thumb Code   114  edubase_lcd.o(.text.EduBase_LCD_Write_4_Bits)
    EduBase_LEDs_Init                        0x00000955   Thumb Code    82  gpio.o(.text.EduBase_LEDs_Init)
    EduBase_LEDs_Output                      0x000009a9   Thumb Code    32  gpio.o(.text.EduBase_LEDs_Output)
    GPIOA_Handler                            0x000009c9   Thumb Code    64  pmod_btn_interrupt.o(.text.GPIOA_Handler)
    GPIOD_Handler                            0x00000a09   Thumb Code    64  edubase_button_interrupt.o(.text.GPIOD_Handler)
    Get_EduBase_Button_Status                0x00000a49   Thumb Code    28  gpio.o(.text.Get_EduBase_Button_Status)
    PMOD_BTN_Read                            0x00000a65   Thumb Code    28  pmod_btn_interrupt.o(.text.PMOD_BTN_Read)
    PMOD_ENC_Button_Read                     0x00000a81   Thumb Code    18  pmod_enc.o(.text.PMOD_ENC_Button_Read)
    PMOD_ENC_Get_Rotation                    0x00000a95   Thumb Code    68  pmod_enc.o(.text.PMOD_ENC_Get_Rotation)
    PMOD_ENC_Get_State                       0x00000ad9   Thumb Code    28  pmod_enc.o(.text.PMOD_ENC_Get_State)
    PMOD_ENC_Init                            0x00000af5   Thumb Code    66  pmod_enc.o(.text.PMOD_ENC_Init)
    PMOD_ENC_Task                            0x00000b39   Thumb Code   200  main.o(.text.PMOD_ENC_Task)
    Process_Main_Menu_Selection              0x00000c01   Thumb Code   286  main.o(.text.Process_Main_Menu_Selection)
    SysTick_Delay1ms                         0x00000d21   Thumb Code    76  systick_delay.o(.text.SysTick_Delay1ms)
    SysTick_Delay1us                         0x00000d6d   Thumb Code    42  systick_delay.o(.text.SysTick_Delay1us)
    SysTick_Delay_Init                       0x00000d99   Thumb Code    42  systick_delay.o(.text.SysTick_Delay_Init)
    SysTick_Handler                          0x00000dc5   Thumb Code    70  systick_delay.o(.text.SysTick_Handler)
    SystemInit                               0x00000e0d   Thumb Code   268  system_tm4c123.o(.text.SystemInit)
    TIMER0A_Handler                          0x00000f19   Thumb Code    46  timer_0a_interrupt.o(.text.TIMER0A_Handler)
    Timer_0A_Interrupt_Init                  0x00000f49   Thumb Code   172  timer_0a_interrupt.o(.text.Timer_0A_Interrupt_Init)
    main                                     0x00000ff5   Thumb Code   154  main.o(.text.main)
    _fp_init                                 0x0000108f   Thumb Code    26  fpinit.o(x$fpl$fpinit)
    __fplib_config_fpu_vfp                   0x000010a7   Thumb Code     0  fpinit.o(x$fpl$fpinit)
    __fplib_config_pureend_doubles           0x000010a7   Thumb Code     0  fpinit.o(x$fpl$fpinit)
    EDUBASE_LED_ALL_OFF                      0x000010a8   Data           1  gpio.o(.rodata.EDUBASE_LED_ALL_OFF)
    EDUBASE_LED_ALL_ON                       0x000010a9   Data           1  gpio.o(.rodata.EDUBASE_LED_ALL_ON)
    Region$$Table$$Base                      0x00001104   Number         0  anon$$obj.o(Region$$Table)
    Region$$Table$$Limit                     0x00001124   Number         0  anon$$obj.o(Region$$Table)
    __libspace_start                         0x20000018   Data          96  libspace.o(.bss)
    EduBase_Button_Task                      0x20000078   Data           4  edubase_button_interrupt.o(.bss.EduBase_Button_Task)
    __temporary_stack_top$libspace           0x20000078   Data           0  libspace.o(.bss)
    PMOD_BTN_Task                            0x2000007c   Data           4  pmod_btn_interrupt.o(.bss.PMOD_BTN_Task)
    Timer_0A_Task                            0x20000080   Data           4  timer_0a_interrupt.o(.bss.Timer_0A_Task)



==============================================================================

Memory Map of the image

  Image Entry point : 0x00000339

  Load Region LR_1 (Base: 0x00000000, Size: 0x00001138, Max: 0xffffffff, ABSOLUTE)

    Execution Region ER_RO (Exec base: 0x00000000, Load base: 0x00000000, Size: 0x00001124, Max: 0xffffffff, ABSOLUTE)

    Exec Addr    Load Addr    Size         Type   Attr      Idx    E Section Name        Object

    0x00000000   0x00000000   0x0000026c   Data   RO          266    RESET               startup_tm4c123.o
    0x0000026c   0x0000026c   0x00000008   Code   RO          295  * !!!main             c_w.l(__main.o)
    0x00000274   0x00000274   0x0000005c   Code   RO          646    !!!scatter          c_w.l(__scatter.o)
    0x000002d0   0x000002d0   0x0000001a   Code   RO          650    !!handler_copy      c_w.l(__scatter_copy.o)
    0x000002ea   0x000002ea   0x00000002   PAD
    0x000002ec   0x000002ec   0x00000002   Code   RO          647    !!handler_null      c_w.l(__scatter.o)
    0x000002ee   0x000002ee   0x00000002   PAD
    0x000002f0   0x000002f0   0x0000001c   Code   RO          652    !!handler_zi        c_w.l(__scatter_zi.o)
    0x0000030c   0x0000030c   0x00000002   Code   RO          495    .ARM.Collect$$libinit$$00000000  c_w.l(libinit.o)
    0x0000030e   0x0000030e   0x00000004   Code   RO          512    .ARM.Collect$$libinit$$00000001  c_w.l(libinit2.o)
    0x00000312   0x00000312   0x00000000   Code   RO          515    .ARM.Collect$$libinit$$00000004  c_w.l(libinit2.o)
    0x00000312   0x00000312   0x00000000   Code   RO          517    .ARM.Collect$$libinit$$00000006  c_w.l(libinit2.o)
    0x00000312   0x00000312   0x00000000   Code   RO          520    .ARM.Collect$$libinit$$0000000C  c_w.l(libinit2.o)
    0x00000312   0x00000312   0x00000000   Code   RO          522    .ARM.Collect$$libinit$$0000000E  c_w.l(libinit2.o)
    0x00000312   0x00000312   0x00000000   Code   RO          524    .ARM.Collect$$libinit$$00000010  c_w.l(libinit2.o)
    0x00000312   0x00000312   0x00000000   Code   RO          527    .ARM.Collect$$libinit$$00000013  c_w.l(libinit2.o)
    0x00000312   0x00000312   0x00000000   Code   RO          529    .ARM.Collect$$libinit$$00000015  c_w.l(libinit2.o)
    0x00000312   0x00000312   0x00000000   Code   RO          531    .ARM.Collect$$libinit$$00000017  c_w.l(libinit2.o)
    0x00000312   0x00000312   0x00000000   Code   RO          533    .ARM.Collect$$libinit$$00000019  c_w.l(libinit2.o)
    0x00000312   0x00000312   0x00000000   Code   RO          535    .ARM.Collect$$libinit$$0000001B  c_w.l(libinit2.o)
    0x00000312   0x00000312   0x00000000   Code   RO          537    .ARM.Collect$$libinit$$0000001D  c_w.l(libinit2.o)
    0x00000312   0x00000312   0x00000000   Code   RO          539    .ARM.Collect$$libinit$$0000001F  c_w.l(libinit2.o)
    0x00000312   0x00000312   0x00000000   Code   RO          541    .ARM.Collect$$libinit$$00000021  c_w.l(libinit2.o)
    0x00000312   0x00000312   0x00000000   Code   RO          543    .ARM.Collect$$libinit$$00000023  c_w.l(libinit2.o)
    0x00000312   0x00000312   0x00000000   Code   RO          545    .ARM.Collect$$libinit$$00000025  c_w.l(libinit2.o)
    0x00000312   0x00000312   0x00000000   Code   RO          547    .ARM.Collect$$libinit$$00000027  c_w.l(libinit2.o)
    0x00000312   0x00000312   0x00000000   Code   RO          551    .ARM.Collect$$libinit$$0000002E  c_w.l(libinit2.o)
    0x00000312   0x00000312   0x00000000   Code   RO          553    .ARM.Collect$$libinit$$00000030  c_w.l(libinit2.o)
    0x00000312   0x00000312   0x00000000   Code   RO          555    .ARM.Collect$$libinit$$00000032  c_w.l(libinit2.o)
    0x00000312   0x00000312   0x00000000   Code   RO          557    .ARM.Collect$$libinit$$00000034  c_w.l(libinit2.o)
    0x00000312   0x00000312   0x00000002   Code   RO          558    .ARM.Collect$$libinit$$00000035  c_w.l(libinit2.o)
    0x00000314   0x00000314   0x00000002   Code   RO          582    .ARM.Collect$$libshutdown$$00000000  c_w.l(libshutdown.o)
    0x00000316   0x00000316   0x00000000   Code   RO          597    .ARM.Collect$$libshutdown$$00000002  c_w.l(libshutdown2.o)
    0x00000316   0x00000316   0x00000000   Code   RO          599    .ARM.Collect$$libshutdown$$00000004  c_w.l(libshutdown2.o)
    0x00000316   0x00000316   0x00000000   Code   RO          602    .ARM.Collect$$libshutdown$$00000007  c_w.l(libshutdown2.o)
    0x00000316   0x00000316   0x00000000   Code   RO          605    .ARM.Collect$$libshutdown$$0000000A  c_w.l(libshutdown2.o)
    0x00000316   0x00000316   0x00000000   Code   RO          607    .ARM.Collect$$libshutdown$$0000000C  c_w.l(libshutdown2.o)
    0x00000316   0x00000316   0x00000000   Code   RO          610    .ARM.Collect$$libshutdown$$0000000F  c_w.l(libshutdown2.o)
    0x00000316   0x00000316   0x00000002   Code   RO          611    .ARM.Collect$$libshutdown$$00000010  c_w.l(libshutdown2.o)
    0x00000318   0x00000318   0x00000000   Code   RO          307    .ARM.Collect$$rtentry$$00000000  c_w.l(__rtentry.o)
    0x00000318   0x00000318   0x00000000   Code   RO          413    .ARM.Collect$$rtentry$$00000002  c_w.l(__rtentry2.o)
    0x00000318   0x00000318   0x00000006   Code   RO          425    .ARM.Collect$$rtentry$$00000004  c_w.l(__rtentry4.o)
    0x0000031e   0x0000031e   0x00000000   Code   RO          415    .ARM.Collect$$rtentry$$00000009  c_w.l(__rtentry2.o)
    0x0000031e   0x0000031e   0x00000004   Code   RO          416    .ARM.Collect$$rtentry$$0000000A  c_w.l(__rtentry2.o)
    0x00000322   0x00000322   0x00000000   Code   RO          418    .ARM.Collect$$rtentry$$0000000C  c_w.l(__rtentry2.o)
    0x00000322   0x00000322   0x00000008   Code   RO          419    .ARM.Collect$$rtentry$$0000000D  c_w.l(__rtentry2.o)
    0x0000032a   0x0000032a   0x00000002   Code   RO          503    .ARM.Collect$$rtexit$$00000000  c_w.l(rtexit.o)
    0x0000032c   0x0000032c   0x00000000   Code   RO          560    .ARM.Collect$$rtexit$$00000002  c_w.l(rtexit2.o)
    0x0000032c   0x0000032c   0x00000004   Code   RO          561    .ARM.Collect$$rtexit$$00000003  c_w.l(rtexit2.o)
    0x00000330   0x00000330   0x00000006   Code   RO          562    .ARM.Collect$$rtexit$$00000004  c_w.l(rtexit2.o)
    0x00000336   0x00000336   0x00000002   PAD
    0x00000338   0x00000338   0x00000118   Code   RO          267  * .text               startup_tm4c123.o
    0x00000450   0x00000450   0x0000003e   Code   RO          291    .text               c_w.l(strlen.o)
    0x0000048e   0x0000048e   0x00000006   Code   RO          293    .text               c_w.l(heapauxi.o)
    0x00000494   0x00000494   0x0000004a   Code   RO          447    .text               c_w.l(sys_stackheap_outer.o)
    0x000004de   0x000004de   0x00000012   Code   RO          488    .text               c_w.l(exit.o)
    0x000004f0   0x000004f0   0x00000008   Code   RO          500    .text               c_w.l(libspace.o)
    0x000004f8   0x000004f8   0x0000000c   Code   RO          572    .text               c_w.l(sys_exit.o)
    0x00000504   0x00000504   0x00000002   Code   RO          587    .text               c_w.l(use_no_semi.o)
    0x00000506   0x00000506   0x00000000   Code   RO          589    .text               c_w.l(indicate_semi.o)
    0x00000506   0x00000506   0x00000002   PAD
    0x00000508   0x00000508   0x0000008e   Code   RO            6    .text.Display_Main_Menu  main.o
    0x00000596   0x00000596   0x00000002   PAD
    0x00000598   0x00000598   0x0000000a   Code   RO          206    .text.EduBase_LCD_Clear_Display  edubase_lcd.o
    0x000005a2   0x000005a2   0x00000002   PAD
    0x000005a4   0x000005a4   0x0000004c   Code   RO          228    .text.EduBase_LCD_Create_Custom_Character  edubase_lcd.o
    0x000005f0   0x000005f0   0x0000001e   Code   RO          210    .text.EduBase_LCD_Disable_Cursor  edubase_lcd.o
    0x0000060e   0x0000060e   0x00000002   PAD
    0x00000610   0x00000610   0x0000001e   Code   RO          208    .text.EduBase_LCD_Disable_Cursor_Blink  edubase_lcd.o
    0x0000062e   0x0000062e   0x00000002   PAD
    0x00000630   0x00000630   0x00000038   Code   RO          230    .text.EduBase_LCD_Display_String  edubase_lcd.o
    0x00000668   0x00000668   0x0000001e   Code   RO          202    .text.EduBase_LCD_Enable_Display  edubase_lcd.o
    0x00000686   0x00000686   0x00000002   PAD
    0x00000688   0x00000688   0x00000068   Code   RO          200    .text.EduBase_LCD_Init  edubase_lcd.o
    0x000006f0   0x000006f0   0x000000e2   Code   RO          190    .text.EduBase_LCD_Ports_Init  edubase_lcd.o
    0x000007d2   0x000007d2   0x00000002   PAD
    0x000007d4   0x000007d4   0x0000003c   Code   RO          192    .text.EduBase_LCD_Pulse_Enable  edubase_lcd.o
    0x00000810   0x00000810   0x0000000a   Code   RO          204    .text.EduBase_LCD_Return_Home  edubase_lcd.o
    0x0000081a   0x0000081a   0x00000002   PAD
    0x0000081c   0x0000081c   0x00000046   Code   RO          196    .text.EduBase_LCD_Send_Command  edubase_lcd.o
    0x00000862   0x00000862   0x00000002   PAD
    0x00000864   0x00000864   0x0000002a   Code   RO          198    .text.EduBase_LCD_Send_Data  edubase_lcd.o
    0x0000088e   0x0000088e   0x00000002   PAD
    0x00000890   0x00000890   0x00000050   Code   RO          212    .text.EduBase_LCD_Set_Cursor  edubase_lcd.o
    0x000008e0   0x000008e0   0x00000072   Code   RO          194    .text.EduBase_LCD_Write_4_Bits  edubase_lcd.o
    0x00000952   0x00000952   0x00000002   PAD
    0x00000954   0x00000954   0x00000052   Code   RO           32    .text.EduBase_LEDs_Init  gpio.o
    0x000009a6   0x000009a6   0x00000002   PAD
    0x000009a8   0x000009a8   0x00000020   Code   RO           34    .text.EduBase_LEDs_Output  gpio.o
    0x000009c8   0x000009c8   0x00000040   Code   RO          142    .text.GPIOA_Handler  pmod_btn_interrupt.o
    0x00000a08   0x00000a08   0x00000040   Code   RO          128    .text.GPIOD_Handler  edubase_button_interrupt.o
    0x00000a48   0x00000a48   0x0000001c   Code   RO           38    .text.Get_EduBase_Button_Status  gpio.o
    0x00000a64   0x00000a64   0x0000001c   Code   RO          140    .text.PMOD_BTN_Read  pmod_btn_interrupt.o
    0x00000a80   0x00000a80   0x00000012   Code   RO          254    .text.PMOD_ENC_Button_Read  pmod_enc.o
    0x00000a92   0x00000a92   0x00000002   PAD
    0x00000a94   0x00000a94   0x00000044   Code   RO          252    .text.PMOD_ENC_Get_Rotation  pmod_enc.o
    0x00000ad8   0x00000ad8   0x0000001c   Code   RO          250    .text.PMOD_ENC_Get_State  pmod_enc.o
    0x00000af4   0x00000af4   0x00000042   Code   RO          248    .text.PMOD_ENC_Init  pmod_enc.o
    0x00000b36   0x00000b36   0x00000002   PAD
    0x00000b38   0x00000b38   0x000000c8   Code   RO            4    .text.PMOD_ENC_Task  main.o
    0x00000c00   0x00000c00   0x0000011e   Code   RO            8    .text.Process_Main_Menu_Selection  main.o
    0x00000d1e   0x00000d1e   0x00000002   PAD
    0x00000d20   0x00000d20   0x0000004c   Code   RO           59    .text.SysTick_Delay1ms  systick_delay.o
    0x00000d6c   0x00000d6c   0x0000002a   Code   RO           57    .text.SysTick_Delay1us  systick_delay.o
    0x00000d96   0x00000d96   0x00000002   PAD
    0x00000d98   0x00000d98   0x0000002a   Code   RO           55    .text.SysTick_Delay_Init  systick_delay.o
    0x00000dc2   0x00000dc2   0x00000002   PAD
    0x00000dc4   0x00000dc4   0x00000046   Code   RO           61    .text.SysTick_Handler  systick_delay.o
    0x00000e0a   0x00000e0a   0x00000002   PAD
    0x00000e0c   0x00000e0c   0x0000010c   Code   RO          278    .text.SystemInit    system_tm4c123.o
    0x00000f18   0x00000f18   0x0000002e   Code   RO           98    .text.TIMER0A_Handler  timer_0a_interrupt.o
    0x00000f46   0x00000f46   0x00000002   PAD
    0x00000f48   0x00000f48   0x000000ac   Code   RO           96    .text.Timer_0A_Interrupt_Init  timer_0a_interrupt.o
    0x00000ff4   0x00000ff4   0x0000009a   Code   RO            2    .text.main          main.o
    0x0000108e   0x0000108e   0x0000001a   Code   RO          570    x$fpl$fpinit        fz_wm.l(fpinit.o)
    0x000010a8   0x000010a8   0x00000001   Data   RO           46    .rodata.EDUBASE_LED_ALL_OFF  gpio.o
    0x000010a9   0x000010a9   0x00000001   Data   RO           47    .rodata.EDUBASE_LED_ALL_ON  gpio.o
    0x000010aa   0x000010aa   0x00000059   Data   RO           17    .rodata.str1.1      main.o
    0x00001103   0x00001103   0x00000001   PAD
    0x00001104   0x00001104   0x00000020   Data   RO          645    Region$$Table       anon$$obj.o


    Execution Region ER_RW (Exec base: 0x20000000, Load base: 0x00001124, Size: 0x00000014, Max: 0xffffffff, ABSOLUTE)

    Exec Addr    Load Addr    Size         Type   Attr      Idx    E Section Name        Object

    0x20000000   0x00001124   0x00000008   Data   RW           10    .data.heart_shape   main.o
    0x20000008   0x0000112c   0x00000004   Data   RW           13    .data.prev_main_menu_counter  main.o
    0x2000000c   0x00001130   0x00000008   Data   RW           11    .data.right_arrow   main.o


    Execution Region ER_ZI (Exec base: 0x20000018, Load base: 0x00001138, Size: 0x00000c88, Max: 0xffffffff, ABSOLUTE)

    Exec Addr    Load Addr    Size         Type   Attr      Idx    E Section Name        Object

    0x20000018        -       0x00000060   Zero   RW          501    .bss                c_w.l(libspace.o)
    0x20000078        -       0x00000004   Zero   RW          130    .bss.EduBase_Button_Task  edubase_button_interrupt.o
    0x2000007c        -       0x00000004   Zero   RW          144    .bss.PMOD_BTN_Task  pmod_btn_interrupt.o
    0x20000080        -       0x00000004   Zero   RW          100    .bss.Timer_0A_Task  timer_0a_interrupt.o
    0x20000084        -       0x00000001   Zero   RW          238    .bss.display_control  edubase_lcd.o
    0x20000085        -       0x00000001   Zero   RW           12    .bss.last_state     main.o
    0x20000086   0x00001138   0x00000002   PAD
    0x20000088        -       0x00000004   Zero   RW           14    .bss.main_menu_counter  main.o
    0x2000008c        -       0x00000001   Zero   RW           65    .bss.ms_active      systick_delay.o
    0x2000008d   0x00001138   0x00000003   PAD
    0x20000090        -       0x00000004   Zero   RW           64    .bss.ms_elapsed     systick_delay.o
    0x20000094        -       0x00000001   Zero   RW           16    .bss.pmod_enc_btn_pressed  main.o
    0x20000095        -       0x00000001   Zero   RW           15    .bss.state          main.o
    0x20000096   0x00001138   0x00000002   PAD
    0x20000098        -       0x00000004   Zero   RW           63    .bss.us_elapsed     systick_delay.o
    0x2000009c   0x00001138   0x00000004   PAD
    0x200000a0        -       0x00000400   Zero   RW          265    HEAP                startup_tm4c123.o
    0x200004a0        -       0x00000800   Zero   RW          264    STACK               startup_tm4c123.o


==============================================================================

Image component sizes


      Code (inc. data)   RO Data    RW Data    ZI Data      Debug   Object Name

        64          0          0          0          4       6348   edubase_button_interrupt.o
       938          0          0          0          1      10202   edubase_lcd.o
       142          0          2          0          0       6810   gpio.o
       782         16         89         20          7       2064   main.o
        92          0          0          0          4       6493   pmod_btn_interrupt.o
       180          0          0          0          0       6202   pmod_enc.o
       280         28        620          0       3072       5516   startup_tm4c123.o
       268          0          0          0          0       6862   system_tm4c123.o
       230          0          0          0          9       1388   systick_delay.o
       218          0          0          0          4       6320   timer_0a_interrupt.o

    ----------------------------------------------------------------------
      3230         44        744         20       3112      58205   Object Totals
         0          0         32          0          0          0   (incl. Generated)
        36          0          1          0         11          0   (incl. Padding)

    ----------------------------------------------------------------------

      Code (inc. data)   RO Data    RW Data    ZI Data      Debug   Library Member Name

         8          0          0          0          0         68   __main.o
         0          0          0          0          0          0   __rtentry.o
        12          0          0          0          0          0   __rtentry2.o
         6          0          0          0          0          0   __rtentry4.o
        94          8          0          0          0          0   __scatter.o
        26          0          0          0          0          0   __scatter_copy.o
        28          0          0          0          0          0   __scatter_zi.o
        18          0          0          0          0         80   exit.o
         6          0          0          0          0        152   heapauxi.o
         0          0          0          0          0          0   indicate_semi.o
         2          0          0          0          0          0   libinit.o
         6          0          0          0          0          0   libinit2.o
         2          0          0          0          0          0   libshutdown.o
         2          0          0          0          0          0   libshutdown2.o
         8          4          0          0         96         68   libspace.o
         2          0          0          0          0          0   rtexit.o
        10          0          0          0          0          0   rtexit2.o
        62          0          0          0          0         76   strlen.o
        12          4          0          0          0         68   sys_exit.o
        74          0          0          0          0         80   sys_stackheap_outer.o
         2          0          0          0          0         68   use_no_semi.o
        26          0          0          0          0        116   fpinit.o

    ----------------------------------------------------------------------
       414         16          0          0         96        776   Library Totals
         8          0          0          0          0          0   (incl. Padding)

    ----------------------------------------------------------------------

      Code (inc. data)   RO Data    RW Data    ZI Data      Debug   Library Name

       380         16          0          0         96        660   c_w.l
        26          0          0          0          0        116   fz_wm.l

    ----------------------------------------------------------------------
       414         16          0          0         96        776   Library Totals

    ----------------------------------------------------------------------

==============================================================================


      Code (inc. data)   RO Data    RW Data    ZI Data      Debug   

      3644         60        744         20       3208      58681   Grand Totals
      3644         60        744         20       3208      58681   ELF Image Totals
      3644         60        744         20          0          0   ROM Totals

==============================================================================

    Total RO  Size (Code + RO Data)                 4388 (   4.29kB)
    Total RW  Size (RW Data + ZI Data)              3228 (   3.15kB)
    Total ROM Size (Code + RO Data + RW Data)       4408 (   4.30kB)

==============================================================================

